Component: ARM Compiler 5.06 update 7 (build 960) Tool: armlink [4d3601]

==============================================================================

Section Cross References

    app.o(i.tInitApp) refers to ttask.o(i.tTaskInit) for tTaskInit
    app.o(i.tInitApp) refers to app.o(.bss) for task1Env
    app.o(i.tInitApp) refers to app.o(i.task1Entry) for task1Entry
    app.o(i.tInitApp) refers to app.o(i.task2Entry) for task2Entry
    app.o(i.tInitApp) refers to app.o(i.task3Entry) for task3Entry
    app.o(i.tInitApp) refers to app.o(i.task4Entry) for task4Entry
    app.o(i.task1Entry) refers to gd32f4xx_usart.o(i.usart_interrupt_flag_get) for usart_interrupt_flag_get
    app.o(i.task1Entry) refers to mytask.o(i.myPrintf) for myPrintf
    app.o(i.task1Entry) refers to ttime.o(i.tTaskDelay) for tTaskDelay
    app.o(i.task1Entry) refers to app.o(.data) for task1Flag
    app.o(i.task2Entry) refers to ttime.o(i.tTaskDelay) for tTaskDelay
    app.o(i.task2Entry) refers to app.o(.data) for task2Flag
    app.o(i.task3Entry) refers to ttime.o(i.tTaskDelay) for tTaskDelay
    app.o(i.task3Entry) refers to app.o(.data) for task3Flag
    app.o(i.task4Entry) refers to ttime.o(i.tTaskDelay) for tTaskDelay
    app.o(i.task4Entry) refers to app.o(.data) for task4Flag
    main.o(i.checkCpuUsage) refers to main.o(i.tTaskSchedEnable) for tTaskSchedEnable
    main.o(i.checkCpuUsage) refers to dflt_clz.o(x$fpl$dfltu) for __aeabi_ui2d
    main.o(i.checkCpuUsage) refers to dmul.o(x$fpl$dmul) for __aeabi_dmul
    main.o(i.checkCpuUsage) refers to ddiv.o(x$fpl$ddiv) for __aeabi_ddiv
    main.o(i.checkCpuUsage) refers to daddsub_clz.o(x$fpl$drsb) for __aeabi_drsub
    main.o(i.checkCpuUsage) refers to d2f.o(x$fpl$d2f) for __aeabi_d2f
    main.o(i.checkCpuUsage) refers to main.o(.data) for enableCpuUsageState
    main.o(i.cpuUsageSyncWithSystick) refers to main.o(.data) for enableCpuUsageState
    main.o(i.idleTaskEntry) refers to main.o(i.tTaskSchedDisable) for tTaskSchedDisable
    main.o(i.idleTaskEntry) refers to app.o(i.tInitApp) for tInitApp
    main.o(i.idleTaskEntry) refers to ttimer.o(i.tTimerTaskInit) for tTimerTaskInit
    main.o(i.idleTaskEntry) refers to tcpu.o(i.SysTick_init) for SysTick_init
    main.o(i.idleTaskEntry) refers to main.o(i.cpuUsageSyncWithSystick) for cpuUsageSyncWithSystick
    main.o(i.idleTaskEntry) refers to mytask.o(i.LedInit) for LedInit
    main.o(i.idleTaskEntry) refers to mytask.o(i.UartInit) for UartInit
    main.o(i.idleTaskEntry) refers to switch.o(i.tTaskEnterCritical) for tTaskEnterCritical
    main.o(i.idleTaskEntry) refers to switch.o(i.tTaskExitCritical) for tTaskExitCritical
    main.o(i.idleTaskEntry) refers to thooks.o(i.tHooksCpuIdle) for tHooksCpuIdle
    main.o(i.idleTaskEntry) refers to main.o(.data) for idleCount
    main.o(i.initCpuUsageState) refers to main.o(.data) for idleCount
    main.o(i.main) refers to main.o(i.tTaskSchedInit) for tTaskSchedInit
    main.o(i.main) refers to tlist.o(i.tList_init) for tList_init
    main.o(i.main) refers to ttimer.o(i.tTimerModuleInit) for tTimerModuleInit
    main.o(i.main) refers to main.o(i.initCpuUsageState) for initCpuUsageState
    main.o(i.main) refers to main.o(i.tTimeTickInit) for tTimeTickInit
    main.o(i.main) refers to ttask.o(i.tTaskInit) for tTaskInit
    main.o(i.main) refers to main.o(i.tTaskHighestReady) for tTaskHighestReady
    main.o(i.main) refers to switch.o(i.tTaskRunFirst) for tTaskRunFirst
    main.o(i.main) refers to main.o(.bss) for tTaskDelayList
    main.o(i.main) refers to main.o(i.idleTaskEntry) for idleTaskEntry
    main.o(i.main) refers to main.o(.data) for idleTask
    main.o(i.tCpuUsageGet) refers to switch.o(i.tTaskEnterCritical) for tTaskEnterCritical
    main.o(i.tCpuUsageGet) refers to switch.o(i.tTaskExitCritical) for tTaskExitCritical
    main.o(i.tCpuUsageGet) refers to main.o(.data) for cpuUsage
    main.o(i.tTaskDelayListInit) refers to tlist.o(i.tList_init) for tList_init
    main.o(i.tTaskDelayListInit) refers to main.o(.bss) for tTaskDelayList
    main.o(i.tTaskHighestReady) refers to tbitmap.o(i.tBitmapGetFirstSet) for tBitmapGetFirstSet
    main.o(i.tTaskHighestReady) refers to tlist.o(i.tList_first) for tList_first
    main.o(i.tTaskHighestReady) refers to main.o(.data) for taskPrioBitmap
    main.o(i.tTaskHighestReady) refers to main.o(.bss) for taskTable
    main.o(i.tTaskSched) refers to switch.o(i.tTaskEnterCritical) for tTaskEnterCritical
    main.o(i.tTaskSched) refers to switch.o(i.tTaskExitCritical) for tTaskExitCritical
    main.o(i.tTaskSched) refers to main.o(i.tTaskHighestReady) for tTaskHighestReady
    main.o(i.tTaskSched) refers to thooks.o(i.tHooksTaskSwitch) for tHooksTaskSwitch
    main.o(i.tTaskSched) refers to switch.o(i.tTaskSwitch) for tTaskSwitch
    main.o(i.tTaskSched) refers to main.o(.data) for schedLockCount
[...]
    Removing gd32f4xx_gpio.o(i.gpio_bit_set), (4 bytes).
    Removing gd32f4xx_gpio.o(i.gpio_bit_write), (10 bytes).
    Removing gd32f4xx_gpio.o(i.gpio_deinit), (206 bytes).
    Removing gd32f4xx_gpio.o(i.gpio_input_bit_get), (16 bytes).
    Removing gd32f4xx_gpio.o(i.gpio_input_port_get), (8 bytes).
    Removing gd32f4xx_gpio.o(i.gpio_output_bit_get), (16 bytes).
    Removing gd32f4xx_gpio.o(i.gpio_output_port_get), (8 bytes).
    Removing gd32f4xx_gpio.o(i.gpio_pin_lock), (18 bytes).
    Removing gd32f4xx_gpio.o(i.gpio_port_toggle), (8 bytes).
    Removing gd32f4xx_gpio.o(i.gpio_port_write), (4 bytes).
    Removing gd32f4xx_usart.o(.rev16_text), (4 bytes).
    Removing gd32f4xx_usart.o(.revsh_text), (4 bytes).
    Removing gd32f4xx_usart.o(.rrx_text), (6 bytes).
    Removing gd32f4xx_usart.o(i.usart_address_config), (20 bytes).
    Removing gd32f4xx_usart.o(i.usart_block_length_config), (28 bytes).
    Removing gd32f4xx_usart.o(i.usart_break_frame_coherence_config), (24 bytes).
    Removing gd32f4xx_usart.o(i.usart_data_first_config), (20 bytes).
    Removing gd32f4xx_usart.o(i.usart_disable), (10 bytes).
    Removing gd32f4xx_usart.o(i.usart_dma_receive_config), (20 bytes).
    Removing gd32f4xx_usart.o(i.usart_dma_transmit_config), (20 bytes).
    Removing gd32f4xx_usart.o(i.usart_flag_clear), (52 bytes).
    Removing gd32f4xx_usart.o(i.usart_guard_time_config), (24 bytes).
    Removing gd32f4xx_usart.o(i.usart_halfduplex_disable), (10 bytes).
    Removing gd32f4xx_usart.o(i.usart_halfduplex_enable), (10 bytes).
    Removing gd32f4xx_usart.o(i.usart_hardware_flow_coherence_config), (24 bytes).
    Removing gd32f4xx_usart.o(i.usart_interrupt_disable), (26 bytes).
    Removing gd32f4xx_usart.o(i.usart_invert_config), (104 bytes).
    Removing gd32f4xx_usart.o(i.usart_irda_lowpower_config), (20 bytes).
    Removing gd32f4xx_usart.o(i.usart_irda_mode_disable), (10 bytes).
    Removing gd32f4xx_usart.o(i.usart_irda_mode_enable), (10 bytes).
    Removing gd32f4xx_usart.o(i.usart_lin_break_detection_length_config), (20 bytes).
    Removing gd32f4xx_usart.o(i.usart_lin_mode_disable), (10 bytes).
    Removing gd32f4xx_usart.o(i.usart_lin_mode_enable), (10 bytes).
    Removing gd32f4xx_usart.o(i.usart_mute_mode_disable), (10 bytes).
    Removing gd32f4xx_usart.o(i.usart_mute_mode_enable), (10 bytes).
    Removing gd32f4xx_usart.o(i.usart_mute_mode_wakeup_config), (16 bytes).
    Removing gd32f4xx_usart.o(i.usart_oversample_config), (16 bytes).
    Removing gd32f4xx_usart.o(i.usart_parity_check_coherence_config), (24 bytes).
    Removing gd32f4xx_usart.o(i.usart_prescaler_config), (16 bytes).
    Removing gd32f4xx_usart.o(i.usart_receiver_timeout_disable), (14 bytes).
    Removing gd32f4xx_usart.o(i.usart_receiver_timeout_enable), (14 bytes).
    Removing gd32f4xx_usart.o(i.usart_receiver_timeout_threshold_config), (20 bytes).
    Removing gd32f4xx_usart.o(i.usart_sample_bit_config), (16 bytes).
    Removing gd32f4xx_usart.o(i.usart_send_break), (10 bytes).
    Removing gd32f4xx_usart.o(i.usart_smartcard_autoretry_config), (26 bytes).
    Removing gd32f4xx_usart.o(i.usart_smartcard_mode_disable), (10 bytes).
    Removing gd32f4xx_usart.o(i.usart_smartcard_mode_enable), (10 bytes).
    Removing gd32f4xx_usart.o(i.usart_smartcard_mode_nack_disable), (10 bytes).
    Removing gd32f4xx_usart.o(i.usart_smartcard_mode_nack_enable), (10 bytes).
    Removing gd32f4xx_usart.o(i.usart_synchronous_clock_config), (34 bytes).
    Removing gd32f4xx_usart.o(i.usart_synchronous_clock_disable), (10 bytes).
    Removing gd32f4xx_usart.o(i.usart_synchronous_clock_enable), (10 bytes).
    Removing gd32f4xx_exti.o(.rev16_text), (4 bytes).
    Removing gd32f4xx_exti.o(.revsh_text), (4 bytes).
    Removing gd32f4xx_exti.o(.rrx_text), (6 bytes).
    Removing gd32f4xx_exti.o(i.exti_deinit), (28 bytes).
    Removing gd32f4xx_exti.o(i.exti_event_disable), (16 bytes).
    Removing gd32f4xx_exti.o(i.exti_event_enable), (16 bytes).
    Removing gd32f4xx_exti.o(i.exti_flag_clear), (12 bytes).
    Removing gd32f4xx_exti.o(i.exti_flag_get), (24 bytes).
    Removing gd32f4xx_exti.o(i.exti_init), (188 bytes).
    Removing gd32f4xx_exti.o(i.exti_interrupt_disable), (16 bytes).
    Removing gd32f4xx_exti.o(i.exti_interrupt_enable), (16 bytes).
    Removing gd32f4xx_exti.o(i.exti_interrupt_flag_clear), (12 bytes).
    Removing gd32f4xx_exti.o(i.exti_interrupt_flag_get), (24 bytes).
    Removing gd32f4xx_exti.o(i.exti_software_interrupt_disable), (16 bytes).
    Removing gd32f4xx_exti.o(i.exti_software_interrupt_enable), (16 bytes).

219 unused section(s) (total 7894 bytes) removed from the image.

==============================================================================

Image Symbol Table

    Local Symbols

    Symbol Name                              Value     Ov Type        Size  Object(Section)

    ../clib/angel/boardlib.s                 0x00000000   Number         0  boardshut.o ABSOLUTE
    ../clib/angel/boardlib.s                 0x00000000   Number         0  boardinit3.o ABSOLUTE
    ../clib/angel/boardlib.s                 0x00000000   Number         0  boardinit2.o ABSOLUTE
    ../clib/angel/boardlib.s                 0x00000000   Number         0  boardinit1.o ABSOLUTE
    ../clib/angel/handlers.s                 0x00000000   Number         0  __scatter_zi.o ABSOLUTE
    ../clib/angel/handlers.s                 0x00000000   Number         0  __scatter_copy.o ABSOLUTE
    ../clib/angel/kernel.s                   0x00000000   Number         0  __rtentry.o ABSOLUTE
    ../clib/angel/kernel.s                   0x00000000   Number         0  __rtentry4.o ABSOLUTE
    ../clib/angel/kernel.s                   0x00000000   Number         0  __rtentry2.o ABSOLUTE
    ../clib/angel/kernel.s                   0x00000000   Number         0  rtexit.o ABSOLUTE
    ../clib/angel/kernel.s                   0x00000000   Number         0  rtexit2.o ABSOLUTE
    ../clib/angel/rt.s                       0x00000000   Number         0  rt_raise.o ABSOLUTE
    ../clib/angel/scatter.s                  0x00000000   Number         0  __scatter.o ABSOLUTE
    ../clib/angel/startup.s                  0x00000000   Number         0  __main.o ABSOLUTE
    ../clib/angel/sys.s                      0x00000000   Number         0  sys_stackheap_outer.o ABSOLUTE
    ../clib/angel/sys.s                      0x00000000   Number         0  use_no_semi.o ABSOLUTE
    ../clib/angel/sys.s                      0x00000000   Number         0  indicate_semi.o ABSOLUTE
    ../clib/angel/sys.s                      0x00000000   Number         0  libspace.o ABSOLUTE
    ../clib/angel/sysapp.c                   0x00000000   Number         0  sys_exit.o ABSOLUTE
    ../clib/angel/sysapp.c                   0x00000000   Number         0  sys_command.o ABSOLUTE
    ../clib/angel/sysapp.c                   0x00000000   Number         0  sys_wrch.o ABSOLUTE
    ../clib/armsys.c                         0x00000000   Number         0  argv_veneer.o ABSOLUTE
    ../clib/armsys.c                         0x00000000   Number         0  _get_argv_nomalloc.o ABSOLUTE
    ../clib/armsys.c                         0x00000000   Number         0  no_argv.o ABSOLUTE
    ../clib/armsys.c                         0x00000000   Number         0  argv_veneer.o ABSOLUTE
    ../clib/heapalloc.c                      0x00000000   Number         0  hrguard.o ABSOLUTE
    ../clib/heapaux.c                        0x00000000   Number         0  heapauxi.o ABSOLUTE
    ../clib/libinit.s                        0x00000000   Number         0  libinit.o ABSOLUTE
    ../clib/libinit.s                        0x00000000   Number         0  libshutdown.o ABSOLUTE
    ../clib/libinit.s                        0x00000000   Number         0  libshutdown2.o ABSOLUTE
    ../clib/libinit.s                        0x00000000   Number         0  libinit2.o ABSOLUTE
    ../clib/memcpset.s                       0x00000000   Number         0  rt_memclr_w.o ABSOLUTE
    ../clib/signal.c                         0x00000000   Number         0  __raise.o ABSOLUTE
    ../clib/signal.c                         0x00000000   Number         0  defsig_rtmem_inner.o ABSOLUTE
    ../clib/signal.c                         0x00000000   Number         0  defsig_exit.o ABSOLUTE
    ../clib/signal.c                         0x00000000   Number         0  defsig_rtmem_formal.o ABSOLUTE
    ../clib/signal.c                         0x00000000   Number         0  defsig_rtmem_outer.o ABSOLUTE
    ../clib/signal.c                         0x00000000   Number         0  defsig_abrt_inner.o ABSOLUTE
    ../clib/signal.c                         0x00000000   Number         0  defsig_other.o ABSOLUTE
    ../clib/signal.c                         0x00000000   Number         0  defsig_segv_inner.o ABSOLUTE
    ../clib/signal.c                         0x00000000   Number         0  defsig_cppl_inner.o ABSOLUTE
    ../clib/signal.c                         0x00000000   Number         0  defsig_pvfn_inner.o ABSOLUTE
    ../clib/signal.c                         0x00000000   Number         0  defsig_stak_inner.o ABSOLUTE
    ../clib/signal.c                         0x00000000   Number         0  defsig_rtred_inner.o ABSOLUTE
    ../clib/signal.c                         0x00000000   Number         0  defsig_fpe_inner.o ABSOLUTE
    ../clib/signal.c                         0x00000000   Number         0  defsig_general.o ABSOLUTE
    ../clib/signal.s                         0x00000000   Number         0  defsig.o ABSOLUTE
    ../clib/stdlib.c                         0x00000000   Number         0  exit.o ABSOLUTE
    ../fplib/d2f.s                           0x00000000   Number         0  d2f.o ABSOLUTE
    ../fplib/daddsub.s                       0x00000000   Number         0  daddsub_clz.o ABSOLUTE
    ../fplib/ddiv.s                          0x00000000   Number         0  ddiv.o ABSOLUTE
    ../fplib/dflt.s                          0x00000000   Number         0  dflt_clz.o ABSOLUTE
    ../fplib/dmul.s                          0x00000000   Number         0  dmul.o ABSOLUTE
    ../fplib/dnaninf.s                       0x00000000   Number         0  dnaninf.o ABSOLUTE
    ../fplib/dretinf.s                       0x00000000   Number         0  dretinf.o ABSOLUTE
    ../fplib/fpinit.s                        0x00000000   Number         0  fpinit.o ABSOLUTE
    ../fplib/fretinf.s                       0x00000000   Number         0  fretinf.o ABSOLUTE
    ../fplib/usenofp.s                       0x00000000   Number         0  usenofp.o ABSOLUTE
    RTE\Device\GD32F407ZE\gd32f4xx_exti.c    0x00000000   Number         0  gd32f4xx_exti.o ABSOLUTE
    RTE\Device\GD32F407ZE\gd32f4xx_gpio.c    0x00000000   Number         0  gd32f4xx_gpio.o ABSOLUTE
    RTE\Device\GD32F407ZE\gd32f4xx_misc.c    0x00000000   Number         0  gd32f4xx_misc.o ABSOLUTE
    RTE\Device\GD32F407ZE\gd32f4xx_pmu.c     0x00000000   Number         0  gd32f4xx_pmu.o ABSOLUTE
    RTE\Device\GD32F407ZE\gd32f4xx_rcu.c     0x00000000   Number         0  gd32f4xx_rcu.o ABSOLUTE
    RTE\Device\GD32F407ZE\gd32f4xx_usart.c   0x00000000   Number         0  gd32f4xx_usart.o ABSOLUTE
    RTE\Device\GD32F407ZE\startup_gd32f407_427.s 0x00000000   Number         0  startup_gd32f407_427.o ABSOLUTE
    RTE\Device\GD32F407ZE\system_gd32f4xx.c  0x00000000   Number         0  system_gd32f4xx.o ABSOLUTE
    RTE\\Device\\GD32F407ZE\\gd32f4xx_exti.c 0x00000000   Number         0  gd32f4xx_exti.o ABSOLUTE
    RTE\\Device\\GD32F407ZE\\gd32f4xx_gpio.c 0x00000000   Number         0  gd32f4xx_gpio.o ABSOLUTE
    RTE\\Device\\GD32F407ZE\\gd32f4xx_misc.c 0x00000000   Number         0  gd32f4xx_misc.o ABSOLUTE
    RTE\\Device\\GD32F407ZE\\gd32f4xx_pmu.c  0x00000000   Number         0  gd32f4xx_pmu.o ABSOLUTE
    RTE\\Device\\GD32F407ZE\\gd32f4xx_rcu.c  0x00000000   Number         0  gd32f4xx_rcu.o ABSOLUTE
    RTE\\Device\\GD32F407ZE\\gd32f4xx_usart.c 0x00000000   Number         0  gd32f4xx_usart.o ABSOLUTE
    RTE\\Device\\GD32F407ZE\\system_gd32f4xx.c 0x00000000   Number         0  system_gd32f4xx.o ABSOLUTE
    dc.s                                     0x00000000   Number         0  dc.o ABSOLUTE
    source\\app.c                            0x00000000   Number         0  app.o ABSOLUTE
    source\\myTask.c                         0x00000000   Number         0  mytask.o ABSOLUTE
    source\\switch.c                         0x00000000   Number         0  switch.o ABSOLUTE
    source\\tCpu.c                           0x00000000   Number         0  tcpu.o ABSOLUTE
    source\app.c                             0x00000000   Number         0  app.o ABSOLUTE
    source\main.c                            0x00000000   Number         0  main.o ABSOLUTE
    source\myTask.c                          0x00000000   Number         0  mytask.o ABSOLUTE
    source\switch.c                          0x00000000   Number         0  switch.o ABSOLUTE
    source\tCpu.c                            0x00000000   Number         0  tcpu.o ABSOLUTE
    source\tEvent.c                          0x00000000   Number         0  tevent.o ABSOLUTE
    source\tFlagGroup.c                      0x00000000   Number         0  tflaggroup.o ABSOLUTE
    source\tHooks.c                          0x00000000   Number         0  thooks.o ABSOLUTE
    source\tMbox.c                           0x00000000   Number         0  tmbox.o ABSOLUTE
    source\tMemBlock.c                       0x00000000   Number         0  tmemblock.o ABSOLUTE
    source\tMutex.c                          0x00000000   Number         0  tmutex.o ABSOLUTE
    source\tSem.c                            0x00000000   Number         0  tsem.o ABSOLUTE
    source\tTask.c                           0x00000000   Number         0  ttask.o ABSOLUTE
    source\tTime.c                           0x00000000   Number         0  ttime.o ABSOLUTE
    source\tTimer.c                          0x00000000   Number         0  ttimer.o ABSOLUTE
    source\tbitmap.c                         0x00000000   Number         0  tbitmap.o ABSOLUTE
    source\tlist.c                           0x00000000   Number         0  tlist.o ABSOLUTE
    RESET                                    0x08000000   Section      392  startup_gd32f407_427.o(RESET)
    !!!main                                  0x08000188   Section        8  __main.o(!!!main)
    !!!scatter                               0x08000190   Section       52  __scatter.o(!!!scatter)
    !!handler_copy                           0x080001c4   Section       26  __scatter_copy.o(!!handler_copy)
    !!handler_zi                             0x080001e0   Section       28  __scatter_zi.o(!!handler_zi)
    .ARM.Collect$$libinit$$00000000          0x080001fc   Section        2  libinit.o(.ARM.Collect$$libinit$$00000000)
    .ARM.Collect$$libinit$$00000002          0x080001fe   Section        0  libinit2.o(.ARM.Collect$$libinit$$00000002)
    .ARM.Collect$$libinit$$00000004          0x080001fe   Section        0  libinit2.o(.ARM.Collect$$libinit$$00000004)
    .ARM.Collect$$libinit$$0000000A          0x080001fe   Section        0  libinit2.o(.ARM.Collect$$libinit$$0000000A)
    .ARM.Collect$$libinit$$0000000C          0x080001fe   Section        0  libinit2.o(.ARM.Collect$$libinit$$0000000C)
    .ARM.Collect$$libinit$$0000000E          0x080001fe   Section        0  libinit2.o(.ARM.Collect$$libinit$$0000000E)
    .ARM.Collect$$libinit$$00000011          0x080001fe   Section        0  libinit2.o(.ARM.Collect$$libinit$$00000011)
    .ARM.Collect$$libinit$$00000013          0x080001fe   Section        0  libinit2.o(.ARM.Collect$$libinit$$00000013)
    .ARM.Collect$$libinit$$00000015          0x080001fe   Section        0  libinit2.o(.ARM.Collect$$libinit$$00000015)
    .ARM.Collect$$libinit$$00000017          0x080001fe   Section        0  libinit2.o(.ARM.Collect$$libinit$$00000017)
    .ARM.Collect$$libinit$$00000019          0x080001fe   Section        0  libinit2.o(.ARM.Collect$$libinit$$00000019)
    .ARM.Collect$$libinit$$0000001B          0x080001fe   Section        0  libinit2.o(.ARM.Collect$$libinit$$0000001B)
    .ARM.Collect$$libinit$$0000001D          0x080001fe   Section        0  libinit2.o(.ARM.Collect$$libinit$$0000001D)
    .ARM.Collect$$libinit$$0000001F          0x080001fe   Section        0  libinit2.o(.ARM.Collect$$libinit$$0000001F)
    .ARM.Collect$$libinit$$00000021          0x080001fe   Section        0  libinit2.o(.ARM.Collect$$libinit$$00000021)
    .ARM.Collect$$libinit$$00000023          0x080001fe   Section        0  libinit2.o(.ARM.Collect$$libinit$$00000023)
    .ARM.Collect$$libinit$$00000025          0x080001fe   Section        0  libinit2.o(.ARM.Collect$$libinit$$00000025)
    .ARM.Collect$$libinit$$0000002C          0x080001fe   Section        0  libinit2.o(.ARM.Collect$$libinit$$0000002C)
    .ARM.Collect$$libinit$$0000002E          0x080001fe   Section        0  libinit2.o(.ARM.Collect$$libinit$$0000002E)
    .ARM.Collect$$libinit$$00000030          0x080001fe   Section        0  libinit2.o(.ARM.Collect$$libinit$$00000030)
    .ARM.Collect$$libinit$$00000032          0x080001fe   Section        0  libinit2.o(.ARM.Collect$$libinit$$00000032)
    .ARM.Collect$$libinit$$00000033          0x080001fe   Section        2  libinit2.o(.ARM.Collect$$libinit$$00000033)
    .ARM.Collect$$libshutdown$$00000000      0x08000200   Section        2  libshutdown.o(.ARM.Collect$$libshutdown$$00000000)
    .ARM.Collect$$libshutdown$$00000002      0x08000202   Section        0  libshutdown2.o(.ARM.Collect$$libshutdown$$00000002)
    .ARM.Collect$$libshutdown$$00000004      0x08000202   Section        0  libshutdown2.o(.ARM.Collect$$libshutdown$$00000004)
    .ARM.Collect$$libshutdown$$00000006      0x08000202   Section        0  libshutdown2.o(.ARM.Collect$$libshutdown$$00000006)
    .ARM.Collect$$libshutdown$$00000009      0x08000202   Section        0  libshutdown2.o(.ARM.Collect$$libshutdown$$00000009)
    .ARM.Collect$$libshutdown$$0000000C      0x08000202   Section        0  libshutdown2.o(.ARM.Collect$$libshutdown$$0000000C)
    .ARM.Collect$$libshutdown$$0000000E      0x08000202   Section        0  libshutdown2.o(.ARM.Collect$$libshutdown$$0000000E)
    .ARM.Collect$$libshutdown$$00000011      0x08000202   Section        0  libshutdown2.o(.ARM.Collect$$libshutdown$$00000011)
    .ARM.Collect$$libshutdown$$00000012      0x08000202   Section        2  libshutdown2.o(.ARM.Collect$$libshutdown$$00000012)
    .ARM.Collect$$rtentry$$00000000          0x08000204   Section        0  __rtentry.o(.ARM.Collect$$rtentry$$00000000)
    .ARM.Collect$$rtentry$$00000002          0x08000204   Section        0  __rtentry2.o(.ARM.Collect$$rtentry$$00000002)
    .ARM.Collect$$rtentry$$00000004          0x08000204   Section        6  __rtentry4.o(.ARM.Collect$$rtentry$$00000004)
    .ARM.Collect$$rtentry$$00000009          0x0800020a   Section        0  __rtentry2.o(.ARM.Collect$$rtentry$$00000009)
    .ARM.Collect$$rtentry$$0000000A          0x0800020a   Section        4  __rtentry2.o(.ARM.Collect$$rtentry$$0000000A)
    .ARM.Collect$$rtentry$$0000000C          0x0800020e   Section        0  __rtentry2.o(.ARM.Collect$$rtentry$$0000000C)
    .ARM.Collect$$rtentry$$0000000D          0x0800020e   Section        8  __rtentry2.o(.ARM.Collect$$rtentry$$0000000D)
    .ARM.Collect$$rtexit$$00000000           0x08000216   Section        2  rtexit.o(.ARM.Collect$$rtexit$$00000000)
    .ARM.Collect$$rtexit$$00000002           0x08000218   Section        0  rtexit2.o(.ARM.Collect$$rtexit$$00000002)
    .ARM.Collect$$rtexit$$00000003           0x08000218   Section        4  rtexit2.o(.ARM.Collect$$rtexit$$00000003)
    .ARM.Collect$$rtexit$$00000004           0x0800021c   Section        6  rtexit2.o(.ARM.Collect$$rtexit$$00000004)
    .emb_text                                0x08000224   Section       48  switch.o(.emb_text)
    .text                                    0x08000254   Section       64  startup_gd32f407_427.o(.text)
    .text                                    0x08000294   Section       78  rt_memclr_w.o(.text)
    .text                                    0x080002e2   Section        0  heapauxi.o(.text)
    .text                                    0x080002e8   Section       74  sys_stackheap_outer.o(.text)
    .text                                    0x08000332   Section        0  exit.o(.text)
    .text                                    0x08000344   Section        8  libspace.o(.text)
    .text                                    0x0800034c   Section        0  sys_exit.o(.text)
    .text                                    0x08000358   Section        2  use_no_semi.o(.text)
    .text                                    0x0800035a   Section        0  indicate_semi.o(.text)
    i.LedInit                                0x0800035c   Section        0  mytask.o(i.LedInit)
    i.SysTick_Handler                        0x08000388   Section        0  tcpu.o(i.SysTick_Handler)
    i.SysTick_init                           0x08000390   Section        0  tcpu.o(i.SysTick_init)
    i.SystemInit                             0x080003e8   Section        0  system_gd32f4xx.o(i.SystemInit)
    i.UART4_IRQHandler                       0x080004ac   Section        0  mytask.o(i.UART4_IRQHandler)
    i.UartInit                               0x080004e0   Section        0  mytask.o(i.UartInit)
    i.checkCpuUsage                          0x080005a8   Section        0  main.o(i.checkCpuUsage)
    checkCpuUsage                            0x080005a9   Thumb Code   142  main.o(i.checkCpuUsage)
    i.cpuUsageSyncWithSystick                0x08000650   Section        0  main.o(i.cpuUsageSyncWithSystick)
    cpuUsageSyncWithSystick                  0x08000651   Thumb Code    12  main.o(i.cpuUsageSyncWithSystick)
    i.gpio_af_set                            0x08000660   Section        0  gd32f4xx_gpio.o(i.gpio_af_set)
    i.gpio_bit_toggle                        0x080006be   Section        0  gd32f4xx_gpio.o(i.gpio_bit_toggle)
    i.gpio_mode_set                          0x080006c2   Section        0  gd32f4xx_gpio.o(i.gpio_mode_set)
    i.gpio_output_options_set                0x08000710   Section        0  gd32f4xx_gpio.o(i.gpio_output_options_set)
    i.idleTaskEntry                          0x08000754   Section        0  main.o(i.idleTaskEntry)
    i.initCpuUsageState                      0x08000794   Section        0  main.o(i.initCpuUsageState)
    initCpuUsageState                        0x08000795   Thumb Code    20  main.o(i.initCpuUsageState)
    i.main                                   0x080007b8   Section        0  main.o(i.main)
    i.myPrintf                               0x08000814   Section        0  mytask.o(i.myPrintf)
    i.nvic_irq_enable                        0x08000834   Section        0  gd32f4xx_misc.o(i.nvic_irq_enable)
    i.nvic_priority_group_set                0x080008f8   Section        0  gd32f4xx_misc.o(i.nvic_priority_group_set)
    i.rcu_clock_freq_get                     0x0800090c   Section        0  gd32f4xx_rcu.o(i.rcu_clock_freq_get)
    i.rcu_periph_clock_enable                0x08000a30   Section        0  gd32f4xx_rcu.o(i.rcu_periph_clock_enable)
    i.rcu_periph_reset_disable               0x08000a54   Section        0  gd32f4xx_rcu.o(i.rcu_periph_reset_disable)
    i.rcu_periph_reset_enable                0x08000a78   Section        0  gd32f4xx_rcu.o(i.rcu_periph_reset_enable)
    i.system_clock_240m_8m_hxtal             0x08000a9c   Section        0  system_gd32f4xx.o(i.system_clock_240m_8m_hxtal)
    system_clock_240m_8m_hxtal               0x08000a9d   Thumb Code   250  system_gd32f4xx.o(i.system_clock_240m_8m_hxtal)
    i.system_clock_config                    0x08000ba4   Section        0  system_gd32f4xx.o(i.system_clock_config)
    system_clock_config                      0x08000ba5   Thumb Code     8  system_gd32f4xx.o(i.system_clock_config)
    i.tBitmapClear                           0x08000bac   Section        0  tbitmap.o(i.tBitmapClear)
    i.tBitmapGetFirstSet                     0x08000bb8   Section        0  tbitmap.o(i.tBitmapGetFirstSet)
    i.tBitmapInit                            0x08000c14   Section        0  tbitmap.o(i.tBitmapInit)
    i.tBitmapPosCount                        0x08000c1a   Section        0  tbitmap.o(i.tBitmapPosCount)
    i.tBitmapSet                             0x08000c1e   Section        0  tbitmap.o(i.tBitmapSet)
    i.tEventInit                             0x08000c2a   Section        0  tevent.o(i.tEventInit)
    i.tEventRemoveTask                       0x08000c3c   Section        0  tevent.o(i.tEventRemoveTask)
    i.tEventWait                             0x08000c72   Section        0  tevent.o(i.tEventWait)
    i.tEventWaitCount                        0x08000cc0   Section        0  tevent.o(i.tEventWaitCount)
    i.tEventWakeUp                           0x08000cde   Section        0  tevent.o(i.tEventWakeUp)
    i.tHooksCpuIdle                          0x08000d2c   Section        0  thooks.o(i.tHooksCpuIdle)
    i.tHooksSysTick                          0x08000d2e   Section        0  thooks.o(i.tHooksSysTick)
    i.tHooksTaskInit                         0x08000d30   Section        0  thooks.o(i.tHooksTaskInit)
    i.tHooksTaskSwitch                       0x08000d32   Section        0  thooks.o(i.tHooksTaskSwitch)
    i.tInitApp                               0x08000d34   Section        0  app.o(i.tInitApp)
    i.tList_addFirst                         0x08000dc8   Section        0  tlist.o(i.tList_addFirst)
    i.tList_addLast                          0x08000de0   Section        0  tlist.o(i.tList_addLast)
    i.tList_count                            0x08000df4   Section        0  tlist.o(i.tList_count)
    i.tList_first                            0x08000dfa   Section        0  tlist.o(i.tList_first)
    i.tList_init                             0x08000e06   Section        0  tlist.o(i.tList_init)
    i.tList_remove                           0x08000e10   Section        0  tlist.o(i.tList_remove)
    i.tList_removeFirst                      0x08000e24   Section        0  tlist.o(i.tList_removeFirst)
    i.tNode_init                             0x08000e3e   Section        0  tlist.o(i.tNode_init)
    i.tSemInit                               0x08000e44   Section        0  tsem.o(i.tSemInit)
    i.tSemNotify                             0x08000e6c   Section        0  tsem.o(i.tSemNotify)
    i.tSemWait                               0x08000ec0   Section        0  tsem.o(i.tSemWait)
    i.tTaskDelay                             0x08000f08   Section        0  ttime.o(i.tTaskDelay)
    i.tTaskEnterCritical                     0x08000f34   Section        0  switch.o(i.tTaskEnterCritical)
    i.tTaskExitCritical                      0x08000f40   Section        0  switch.o(i.tTaskExitCritical)
    i.tTaskHighestReady                      0x08000f4c   Section        0  main.o(i.tTaskHighestReady)
    i.tTaskInit                              0x08000f78   Section        0  ttask.o(i.tTaskInit)
    i.tTaskRunFirst                          0x08001058   Section        0  switch.o(i.tTaskRunFirst)
    i.tTaskSched                             0x08001074   Section        0  main.o(i.tTaskSched)
    i.tTaskSchedDisable                      0x080010c4   Section        0  main.o(i.tTaskSchedDisable)
    i.tTaskSchedEnable                       0x080010ec   Section        0  main.o(i.tTaskSchedEnable)
    i.tTaskSchedInit                         0x0800111c   Section        0  main.o(i.tTaskSchedInit)
    i.tTaskSchedRdy                          0x08001150   Section        0  main.o(i.tTaskSchedRdy)
    i.tTaskSchedUnRdy                        0x0800117c   Section        0  main.o(i.tTaskSchedUnRdy)
    i.tTaskSwitch                            0x080011b8   Section        0  switch.o(i.tTaskSwitch)
    i.tTaskSystemTickHandler                 0x080011c8   Section        0  main.o(i.tTaskSystemTickHandler)
    i.tTimeTaskWait                          0x08001294   Section        0  main.o(i.tTimeTaskWait)
    i.tTimeTaskWakeUp                        0x080012b4   Section        0  main.o(i.tTimeTaskWakeUp)
    i.tTimeTickInit                          0x080012d0   Section        0  main.o(i.tTimeTickInit)
    i.tTimerCallFuncList                     0x080012dc   Section        0  ttimer.o(i.tTimerCallFuncList)
    tTimerCallFuncList                       0x080012dd   Thumb Code    72  ttimer.o(i.tTimerCallFuncList)
    i.tTimerModuleInit                       0x08001324   Section        0  ttimer.o(i.tTimerModuleInit)
    i.tTimerModuleTickNotify                 0x08001358   Section        0  ttimer.o(i.tTimerModuleTickNotify)
    i.tTimerSoftTask                         0x0800137c   Section        0  ttimer.o(i.tTimerSoftTask)
    tTimerSoftTask                           0x0800137d   Thumb Code    32  ttimer.o(i.tTimerSoftTask)
    i.tTimerTaskInit                         0x080013a8   Section        0  ttimer.o(i.tTimerTaskInit)
    i.task1Entry                             0x080013d0   Section        0  app.o(i.task1Entry)
    i.task2Entry                             0x08001410   Section        0  app.o(i.task2Entry)
    i.task3Entry                             0x0800142c   Section        0  app.o(i.task3Entry)
    i.task4Entry                             0x0800144c   Section        0  app.o(i.task4Entry)
    i.usart_baudrate_set                     0x0800146c   Section        0  gd32f4xx_usart.o(i.usart_baudrate_set)
    i.usart_data_receive                     0x08001554   Section        0  gd32f4xx_usart.o(i.usart_data_receive)
    i.usart_data_transmit                    0x0800155e   Section        0  gd32f4xx_usart.o(i.usart_data_transmit)
    i.usart_deinit                           0x08001568   Section        0  gd32f4xx_usart.o(i.usart_deinit)
    i.usart_enable                           0x08001644   Section        0  gd32f4xx_usart.o(i.usart_enable)
    i.usart_flag_get                         0x0800164e   Section        0  gd32f4xx_usart.o(i.usart_flag_get)
    i.usart_hardware_flow_cts_config         0x0800166c   Section        0  gd32f4xx_usart.o(i.usart_hardware_flow_cts_config)
    i.usart_hardware_flow_rts_config         0x08001680   Section        0  gd32f4xx_usart.o(i.usart_hardware_flow_rts_config)
    i.usart_interrupt_enable                 0x08001694   Section        0  gd32f4xx_usart.o(i.usart_interrupt_enable)
    i.usart_interrupt_flag_clear             0x080016ae   Section        0  gd32f4xx_usart.o(i.usart_interrupt_flag_clear)
    i.usart_interrupt_flag_get               0x080016c8   Section        0  gd32f4xx_usart.o(i.usart_interrupt_flag_get)
    i.usart_parity_config                    0x08001700   Section        0  gd32f4xx_usart.o(i.usart_parity_config)
    i.usart_receive_config                   0x08001710   Section        0  gd32f4xx_usart.o(i.usart_receive_config)
    i.usart_stop_bit_set                     0x08001720   Section        0  gd32f4xx_usart.o(i.usart_stop_bit_set)
    i.usart_transmit_config                  0x08001730   Section        0  gd32f4xx_usart.o(i.usart_transmit_config)
    i.usart_word_length_set                  0x08001740   Section        0  gd32f4xx_usart.o(i.usart_word_length_set)
    x$fpl$d2f                                0x08001750   Section       98  d2f.o(x$fpl$d2f)
    x$fpl$dadd                               0x080017b4   Section      336  daddsub_clz.o(x$fpl$dadd)
    _dadd1                                   0x080017c5   Thumb Code     0  daddsub_clz.o(x$fpl$dadd)
    x$fpl$ddiv                               0x08001904   Section      688  ddiv.o(x$fpl$ddiv)
    ddiv_entry                               0x0800190b   Thumb Code     0  ddiv.o(x$fpl$ddiv)
    x$fpl$dfltu                              0x08001bb4   Section       38  dflt_clz.o(x$fpl$dfltu)
    x$fpl$dmul                               0x08001bdc   Section      340  dmul.o(x$fpl$dmul)
    x$fpl$dnaninf                            0x08001d30   Section      156  dnaninf.o(x$fpl$dnaninf)
    x$fpl$dretinf                            0x08001dcc   Section       12  dretinf.o(x$fpl$dretinf)
    x$fpl$drsb                               0x08001dd8   Section       22  daddsub_clz.o(x$fpl$drsb)
    x$fpl$dsub                               0x08001df0   Section      468  daddsub_clz.o(x$fpl$dsub)
    _dsub1                                   0x08001e01   Thumb Code     0  daddsub_clz.o(x$fpl$dsub)
    x$fpl$fretinf                            0x08001fc4   Section       10  fretinf.o(x$fpl$fretinf)
    .constdata                               0x08001fce   Section      256  tbitmap.o(.constdata)
    x$fpl$usenofp                            0x08001fce   Section        0  usenofp.o(x$fpl$usenofp)
    quickFindTable                           0x08001fce   Data         256  tbitmap.o(.constdata)
    .data                                    0x20000000   Section       16  app.o(.data)
    .data                                    0x20000010   Section       40  main.o(.data)
    cpuUsage                                 0x20000030   Data           4  main.o(.data)
    enableCpuUsageState                      0x20000034   Data           4  main.o(.data)
    .data                                    0x20000038   Section        4  system_gd32f4xx.o(.data)
    .bss                                     0x2000003c   Section    16816  app.o(.bss)
    .bss                                     0x200041ec   Section     4572  main.o(.bss)
    .bss                                     0x200053c8   Section     4248  ttimer.o(.bss)
    tTimerHardList                           0x200053c8   Data          12  ttimer.o(.bss)
    tTimerSoftList                           0x200053d4   Data          12  ttimer.o(.bss)
    tTimerProtectSem                         0x200053e0   Data          24  ttimer.o(.bss)
    tTimerTickSem                            0x200053f8   Data          24  ttimer.o(.bss)
    tTimerTask                               0x20005410   Data          80  ttimer.o(.bss)
    tTimerTaskStack                          0x20005460   Data        4096  ttimer.o(.bss)
    .bss                                     0x20006460   Section       96  libspace.o(.bss)
    HEAP                                     0x200064c0   Section     1024  startup_gd32f407_427.o(HEAP)
    Heap_Mem                                 0x200064c0   Data        1024  startup_gd32f407_427.o(HEAP)
    STACK                                    0x200068c0   Section     1024  startup_gd32f407_427.o(STACK)
    Stack_Mem                                0x200068c0   Data        1024  startup_gd32f407_427.o(STACK)
    __initial_sp                             0x20006cc0   Data           0  startup_gd32f407_427.o(STACK)

    Global Symbols

    Symbol Name                              Value     Ov Type        Size  Object(Section)

    BuildAttributes$$THM_ISAv4$E$P$D$K$B$S$7EM$PE$A:L22UL41UL21$X:L11$S22US41US21$IEEE1$IW$USESV6$~STKCKD$USESV7$~SHL$OSPACE$ROPI$EBA8$UX$STANDARDLIB$REQ8$PRES8$EABIv2 0x00000000   Number         0  anon$$obj.o ABSOLUTE
    __ARM_use_no_argv                        0x00000000   Number         0  main.o ABSOLUTE
    __ARM_exceptions_init                     - Undefined Weak Reference
    __alloca_initialize                       - Undefined Weak Reference
    __arm_fini_                               - Undefined Weak Reference
    __arm_preinit_                            - Undefined Weak Reference
    __cpp_initialize__aeabi_                  - Undefined Weak Reference
    __cxa_finalize                            - Undefined Weak Reference
    __rt_locale                               - Undefined Weak Reference
    __sigvec_lookup                           - Undefined Weak Reference
    _atexit_init                              - Undefined Weak Reference
    _call_atexit_fns                          - Undefined Weak Reference
    _clock_init                               - Undefined Weak Reference
    _fp_trap_init                             - Undefined Weak Reference
    _fp_trap_shutdown                         - Undefined Weak Reference
    _get_lc_collate                           - Undefined Weak Reference
    _get_lc_ctype                             - Undefined Weak Reference
    _get_lc_monetary                          - Undefined Weak Reference
    _get_lc_numeric                           - Undefined Weak Reference
    _get_lc_time                              - Undefined Weak Reference
    _getenv_init                              - Undefined Weak Reference
    _handle_redirection                       - Undefined Weak Reference
    _init_alloc                               - Undefined Weak Reference
    _init_user_alloc                          - Undefined Weak Reference
    _initio                                   - Undefined Weak Reference
    _rand_init                                - Undefined Weak Reference
    _signal_finish                            - Undefined Weak Reference
    _signal_init                              - Undefined Weak Reference
    _terminate_alloc                          - Undefined Weak Reference
    _terminate_user_alloc                     - Undefined Weak Reference
    _terminateio                              - Undefined Weak Reference
    __Vectors_Size                           0x00000188   Number         0  startup_gd32f407_427.o ABSOLUTE
    __Vectors                                0x08000000   Data           4  startup_gd32f407_427.o(RESET)
    __Vectors_End                            0x08000188   Data           0  startup_gd32f407_427.o(RESET)
    __main                                   0x08000189   Thumb Code     8  __main.o(!!!main)
    __scatterload                            0x08000191   Thumb Code     0  __scatter.o(!!!scatter)
    __scatterload_rt2                        0x08000191   Thumb Code    44  __scatter.o(!!!scatter)
    __scatterload_rt2_thumb_only             0x08000191   Thumb Code     0  __scatter.o(!!!scatter)
    __scatterload_null                       0x0800019f   Thumb Code     0  __scatter.o(!!!scatter)
    __scatterload_copy                       0x080001c5   Thumb Code    26  __scatter_copy.o(!!handler_copy)
    __scatterload_zeroinit                   0x080001e1   Thumb Code    28  __scatter_zi.o(!!handler_zi)
    __rt_lib_init                            0x080001fd   Thumb Code     0  libinit.o(.ARM.Collect$$libinit$$00000000)
    __rt_lib_init_alloca_1                   0x080001ff   Thumb Code     0  libinit2.o(.ARM.Collect$$libinit$$0000002E)
    __rt_lib_init_argv_1                     0x080001ff   Thumb Code     0  libinit2.o(.ARM.Collect$$libinit$$0000002C)
    __rt_lib_init_atexit_1                   0x080001ff   Thumb Code     0  libinit2.o(.ARM.Collect$$libinit$$0000001B)
    __rt_lib_init_clock_1                    0x080001ff   Thumb Code     0  libinit2.o(.ARM.Collect$$libinit$$00000021)
    __rt_lib_init_cpp_1                      0x080001ff   Thumb Code     0  libinit2.o(.ARM.Collect$$libinit$$00000032)
    __rt_lib_init_exceptions_1               0x080001ff   Thumb Code     0  libinit2.o(.ARM.Collect$$libinit$$00000030)
    __rt_lib_init_fp_1                       0x080001ff   Thumb Code     0  libinit2.o(.ARM.Collect$$libinit$$00000002)
    __rt_lib_init_fp_trap_1                  0x080001ff   Thumb Code     0  libinit2.o(.ARM.Collect$$libinit$$0000001F)
    __rt_lib_init_getenv_1                   0x080001ff   Thumb Code     0  libinit2.o(.ARM.Collect$$libinit$$00000023)
    __rt_lib_init_heap_1                     0x080001ff   Thumb Code     0  libinit2.o(.ARM.Collect$$libinit$$0000000A)
    __rt_lib_init_lc_collate_1               0x080001ff   Thumb Code     0  libinit2.o(.ARM.Collect$$libinit$$00000011)
    __rt_lib_init_lc_ctype_1                 0x080001ff   Thumb Code     0  libinit2.o(.ARM.Collect$$libinit$$00000013)
    __rt_lib_init_lc_monetary_1              0x080001ff   Thumb Code     0  libinit2.o(.ARM.Collect$$libinit$$00000015)
    __rt_lib_init_lc_numeric_1               0x080001ff   Thumb Code     0  libinit2.o(.ARM.Collect$$libinit$$00000017)
    __rt_lib_init_lc_time_1                  0x080001ff   Thumb Code     0  libinit2.o(.ARM.Collect$$libinit$$00000019)
    __rt_lib_init_preinit_1                  0x080001ff   Thumb Code     0  libinit2.o(.ARM.Collect$$libinit$$00000004)
    __rt_lib_init_rand_1                     0x080001ff   Thumb Code     0  libinit2.o(.ARM.Collect$$libinit$$0000000E)
    __rt_lib_init_return                     0x080001ff   Thumb Code     0  libinit2.o(.ARM.Collect$$libinit$$00000033)
    __rt_lib_init_signal_1                   0x080001ff   Thumb Code     0  libinit2.o(.ARM.Collect$$libinit$$0000001D)
    __rt_lib_init_stdio_1                    0x080001ff   Thumb Code     0  libinit2.o(.ARM.Collect$$libinit$$00000025)
    __rt_lib_init_user_alloc_1               0x080001ff   Thumb Code     0  libinit2.o(.ARM.Collect$$libinit$$0000000C)
    __rt_lib_shutdown                        0x08000201   Thumb Code     0  libshutdown.o(.ARM.Collect$$libshutdown$$00000000)
    __rt_lib_shutdown_cpp_1                  0x08000203   Thumb Code     0  libshutdown2.o(.ARM.Collect$$libshutdown$$00000004)
    __rt_lib_shutdown_fini_1                 0x08000203   Thumb Code     0  libshutdown2.o(.ARM.Collect$$libshutdown$$00000002)
    __rt_lib_shutdown_fp_trap_1              0x08000203   Thumb Code     0  libshutdown2.o(.ARM.Collect$$libshutdown$$00000009)
    __rt_lib_shutdown_heap_1                 0x08000203   Thumb Code     0  libshutdown2.o(.ARM.Collect$$libshutdown$$00000011)
    __rt_lib_shutdown_return                 0x08000203   Thumb Code     0  libshutdown2.o(.ARM.Collect$$libshutdown$$00000012)
    __rt_lib_shutdown_signal_1               0x08000203   Thumb Code     0  libshutdown2.o(.ARM.Collect$$libshutdown$$0000000C)
    __rt_lib_shutdown_stdio_1                0x08000203   Thumb Code     0  libshutdown2.o(.ARM.Collect$$libshutdown$$00000006)
    __rt_lib_shutdown_user_alloc_1           0x08000203   Thumb Code     0  libshutdown2.o(.ARM.Collect$$libshutdown$$0000000E)
    __rt_entry                               0x08000205   Thumb Code     0  __rtentry.o(.ARM.Collect$$rtentry$$00000000)
    __rt_entry_presh_1                       0x08000205   Thumb Code     0  __rtentry2.o(.ARM.Collect$$rtentry$$00000002)
    __rt_entry_sh                            0x08000205   Thumb Code     0  __rtentry4.o(.ARM.Collect$$rtentry$$00000004)
    __rt_entry_li                            0x0800020b   Thumb Code     0  __rtentry2.o(.ARM.Collect$$rtentry$$0000000A)
    __rt_entry_postsh_1                      0x0800020b   Thumb Code     0  __rtentry2.o(.ARM.Collect$$rtentry$$00000009)
    __rt_entry_main                          0x0800020f   Thumb Code     0  __rtentry2.o(.ARM.Collect$$rtentry$$0000000D)
    __rt_entry_postli_1                      0x0800020f   Thumb Code     0  __rtentry2.o(.ARM.Collect$$rtentry$$0000000C)
    __rt_exit                                0x08000217   Thumb Code     0  rtexit.o(.ARM.Collect$$rtexit$$00000000)
    __rt_exit_ls                             0x08000219   Thumb Code     0  rtexit2.o(.ARM.Collect$$rtexit$$00000003)
    __rt_exit_prels_1                        0x08000219   Thumb Code     0  rtexit2.o(.ARM.Collect$$rtexit$$00000002)
    __rt_exit_exit                           0x0800021d   Thumb Code     0  rtexit2.o(.ARM.Collect$$rtexit$$00000004)
    PendSV_Handler                           0x08000225   Thumb Code    40  switch.o(.emb_text)
    Reset_Handler                            0x08000255   Thumb Code     8  startup_gd32f407_427.o(.text)
    NMI_Handler                              0x0800025d   Thumb Code     2  startup_gd32f407_427.o(.text)
    HardFault_Handler                        0x0800025f   Thumb Code     2  startup_gd32f407_427.o(.text)
    MemManage_Handler                        0x08000261   Thumb Code     2  startup_gd32f407_427.o(.text)
    BusFault_Handler                         0x08000263   Thumb Code     2  startup_gd32f407_427.o(.text)
    UsageFault_Handler                       0x08000265   Thumb Code     2  startup_gd32f407_427.o(.text)
    SVC_Handler                              0x08000267   Thumb Code     2  startup_gd32f407_427.o(.text)
    DebugMon_Handler                         0x08000269   Thumb Code     2  startup_gd32f407_427.o(.text)
    ADC_IRQHandler                           0x0800026f   Thumb Code     0  startup_gd32f407_427.o(.text)
    CAN0_EWMC_IRQHandler                     0x0800026f   Thumb Code     0  startup_gd32f407_427.o(.text)
    CAN0_RX0_IRQHandler                      0x0800026f   Thumb Code     0  startup_gd32f407_427.o(.text)
    CAN0_RX1_IRQHandler                      0x0800026f   Thumb Code     0  startup_gd32f407_427.o(.text)
    CAN0_TX_IRQHandler                       0x0800026f   Thumb Code     0  startup_gd32f407_427.o(.text)
    CAN1_EWMC_IRQHandler                     0x0800026f   Thumb Code     0  startup_gd32f407_427.o(.text)
    CAN1_RX0_IRQHandler                      0x0800026f   Thumb Code     0  startup_gd32f407_427.o(.text)
    CAN1_RX1_IRQHandler                      0x0800026f   Thumb Code     0  startup_gd32f407_427.o(.text)
    CAN1_TX_IRQHandler                       0x0800026f   Thumb Code     0  startup_gd32f407_427.o(.text)
    DCI_IRQHandler                           0x0800026f   Thumb Code     0  startup_gd32f407_427.o(.text)
    DMA0_Channel0_IRQHandler                 0x0800026f   Thumb Code     0  startup_gd32f407_427.o(.text)
    DMA0_Channel1_IRQHandler                 0x0800026f   Thumb Code     0  startup_gd32f407_427.o(.text)
    DMA0_Channel2_IRQHandler                 0x0800026f   Thumb Code     0  startup_gd32f407_427.o(.text)
    DMA0_Channel3_IRQHandler                 0x0800026f   Thumb Code     0  startup_gd32f407_427.o(.text)
    DMA0_Channel4_IRQHandler                 0x0800026f   Thumb Code     0  startup_gd32f407_427.o(.text)
    DMA0_Channel5_IRQHandler                 0x0800026f   Thumb Code     0  startup_gd32f407_427.o(.text)
    DMA0_Channel6_IRQHandler                 0x0800026f   Thumb Code     0  startup_gd32f407_427.o(.text)
    DMA0_Channel7_IRQHandler                 0x0800026f   Thumb Code     0  startup_gd32f407_427.o(.text)
    DMA1_Channel0_IRQHandler                 0x0800026f   Thumb Code     0  startup_gd32f407_427.o(.text)
    DMA1_Channel1_IRQHandler                 0x0800026f   Thumb Code     0  startup_gd32f407_427.o(.text)
    DMA1_Channel2_IRQHandler                 0x0800026f   Thumb Code     0  startup_gd32f407_427.o(.text)
    DMA1_Channel3_IRQHandler                 0x0800026f   Thumb Code     0  startup_gd32f407_427.o(.text)
    DMA1_Channel4_IRQHandler                 0x0800026f   Thumb Code     0  startup_gd32f407_427.o(.text)
    DMA1_Channel5_IRQHandler                 0x0800026f   Thumb Code     0  startup_gd32f407_427.o(.text)
    DMA1_Channel6_IRQHandler                 0x0800026f   Thumb Code     0  startup_gd32f407_427.o(.text)
    DMA1_Channel7_IRQHandler                 0x0800026f   Thumb Code     0  startup_gd32f407_427.o(.text)
    ENET_IRQHandler                          0x0800026f   Thumb Code     0  startup_gd32f407_427.o(.text)
    ENET_WKUP_IRQHandler                     0x0800026f   Thumb Code     0  startup_gd32f407_427.o(.text)
    EXMC_IRQHandler                          0x0800026f   Thumb Code     0  startup_gd32f407_427.o(.text)
    EXTI0_IRQHandler                         0x0800026f   Thumb Code     0  startup_gd32f407_427.o(.text)
    EXTI10_15_IRQHandler                     0x0800026f   Thumb Code     0  startup_gd32f407_427.o(.text)
    EXTI1_IRQHandler                         0x0800026f   Thumb Code     0  startup_gd32f407_427.o(.text)
    EXTI2_IRQHandler                         0x0800026f   Thumb Code     0  startup_gd32f407_427.o(.text)
    EXTI3_IRQHandler                         0x0800026f   Thumb Code     0  startup_gd32f407_427.o(.text)
    EXTI4_IRQHandler                         0x0800026f   Thumb Code     0  startup_gd32f407_427.o(.text)
    EXTI5_9_IRQHandler                       0x0800026f   Thumb Code     0  startup_gd32f407_427.o(.text)
    FMC_IRQHandler                           0x0800026f   Thumb Code     0  startup_gd32f407_427.o(.text)
    FPU_IRQHandler                           0x0800026f   Thumb Code     0  startup_gd32f407_427.o(.text)
    I2C0_ER_IRQHandler                       0x0800026f   Thumb Code     0  startup_gd32f407_427.o(.text)
    I2C0_EV_IRQHandler                       0x0800026f   Thumb Code     0  startup_gd32f407_427.o(.text)
    I2C1_ER_IRQHandler                       0x0800026f   Thumb Code     0  startup_gd32f407_427.o(.text)
    I2C1_EV_IRQHandler                       0x0800026f   Thumb Code     0  startup_gd32f407_427.o(.text)
    I2C2_ER_IRQHandler                       0x0800026f   Thumb Code     0  startup_gd32f407_427.o(.text)
    I2C2_EV_IRQHandler                       0x0800026f   Thumb Code     0  startup_gd32f407_427.o(.text)
    LVD_IRQHandler                           0x0800026f   Thumb Code     0  startup_gd32f407_427.o(.text)
    RCU_CTC_IRQHandler                       0x0800026f   Thumb Code     0  startup_gd32f407_427.o(.text)
    RTC_Alarm_IRQHandler                     0x0800026f   Thumb Code     0  startup_gd32f407_427.o(.text)
    RTC_WKUP_IRQHandler                      0x0800026f   Thumb Code     0  startup_gd32f407_427.o(.text)
    SDIO_IRQHandler                          0x0800026f   Thumb Code     0  startup_gd32f407_427.o(.text)
    SPI0_IRQHandler                          0x0800026f   Thumb Code     0  startup_gd32f407_427.o(.text)
    SPI1_IRQHandler                          0x0800026f   Thumb Code     0  startup_gd32f407_427.o(.text)
    SPI2_IRQHandler                          0x0800026f   Thumb Code     0  startup_gd32f407_427.o(.text)
    TAMPER_STAMP_IRQHandler                  0x0800026f   Thumb Code     0  startup_gd32f407_427.o(.text)
    TIMER0_BRK_TIMER8_IRQHandler             0x0800026f   Thumb Code     0  startup_gd32f407_427.o(.text)
    TIMER0_Channel_IRQHandler                0x0800026f   Thumb Code     0  startup_gd32f407_427.o(.text)
    TIMER0_TRG_CMT_TIMER10_IRQHandler        0x0800026f   Thumb Code     0  startup_gd32f407_427.o(.text)
    TIMER0_UP_TIMER9_IRQHandler              0x0800026f   Thumb Code     0  startup_gd32f407_427.o(.text)
    TIMER1_IRQHandler                        0x0800026f   Thumb Code     0  startup_gd32f407_427.o(.text)
    TIMER2_IRQHandler                        0x0800026f   Thumb Code     0  startup_gd32f407_427.o(.text)
    TIMER3_IRQHandler                        0x0800026f   Thumb Code     0  startup_gd32f407_427.o(.text)
    TIMER4_IRQHandler                        0x0800026f   Thumb Code     0  startup_gd32f407_427.o(.text)
    TIMER5_DAC_IRQHandler                    0x0800026f   Thumb Code     0  startup_gd32f407_427.o(.text)
    TIMER6_IRQHandler                        0x0800026f   Thumb Code     0  startup_gd32f407_427.o(.text)
    TIMER7_BRK_TIMER11_IRQHandler            0x0800026f   Thumb Code     0  startup_gd32f407_427.o(.text)
    TIMER7_Channel_IRQHandler                0x0800026f   Thumb Code     0  startup_gd32f407_427.o(.text)
    TIMER7_TRG_CMT_TIMER13_IRQHandler        0x0800026f   Thumb Code     0  startup_gd32f407_427.o(.text)
    TIMER7_UP_TIMER12_IRQHandler             0x0800026f   Thumb Code     0  startup_gd32f407_427.o(.text)
    TRNG_IRQHandler                          0x0800026f   Thumb Code     0  startup_gd32f407_427.o(.text)
    UART3_IRQHandler                         0x0800026f   Thumb Code     0  startup_gd32f407_427.o(.text)
    USART0_IRQHandler                        0x0800026f   Thumb Code     0  startup_gd32f407_427.o(.text)
    USART1_IRQHandler                        0x0800026f   Thumb Code     0  startup_gd32f407_427.o(.text)
    USART2_IRQHandler                        0x0800026f   Thumb Code     0  startup_gd32f407_427.o(.text)
    USART5_IRQHandler                        0x0800026f   Thumb Code     0  startup_gd32f407_427.o(.text)
    USBFS_IRQHandler                         0x0800026f   Thumb Code     0  startup_gd32f407_427.o(.text)
    USBFS_WKUP_IRQHandler                    0x0800026f   Thumb Code     0  startup_gd32f407_427.o(.text)
    USBHS_EP1_In_IRQHandler                  0x0800026f   Thumb Code     0  startup_gd32f407_427.o(.text)
    USBHS_EP1_Out_IRQHandler                 0x0800026f   Thumb Code     0  startup_gd32f407_427.o(.text)
    USBHS_IRQHandler                         0x0800026f   Thumb Code     0  startup_gd32f407_427.o(.text)
    USBHS_WKUP_IRQHandler                    0x0800026f   Thumb Code     0  startup_gd32f407_427.o(.text)
    WWDGT_IRQHandler                         0x0800026f   Thumb Code     0  startup_gd32f407_427.o(.text)
    __user_initial_stackheap                 0x08000271   Thumb Code    10  startup_gd32f407_427.o(.text)
    __aeabi_memclr4                          0x08000295   Thumb Code     0  rt_memclr_w.o(.text)
    __aeabi_memclr8                          0x08000295   Thumb Code     0  rt_memclr_w.o(.text)
    __rt_memclr_w                            0x08000295   Thumb Code    78  rt_memclr_w.o(.text)
    _memset_w                                0x08000299   Thumb Code     0  rt_memclr_w.o(.text)
    __use_two_region_memory                  0x080002e3   Thumb Code     2  heapauxi.o(.text)
    __rt_heap_escrow$2region                 0x080002e5   Thumb Code     2  heapauxi.o(.text)
    __rt_heap_expand$2region                 0x080002e7   Thumb Code     2  heapauxi.o(.text)
    __user_setup_stackheap                   0x080002e9   Thumb Code    74  sys_stackheap_outer.o(.text)
    exit                                     0x08000333   Thumb Code    18  exit.o(.text)
    __user_libspace                          0x08000345   Thumb Code     8  libspace.o(.text)
    __user_perproc_libspace                  0x08000345   Thumb Code     0  libspace.o(.text)
    __user_perthread_libspace                0x08000345   Thumb Code     0  libspace.o(.text)
    _sys_exit                                0x0800034d   Thumb Code     8  sys_exit.o(.text)
    __I$use$semihosting                      0x08000359   Thumb Code     0  use_no_semi.o(.text)
    __use_no_semihosting_swi                 0x08000359   Thumb Code     2  use_no_semi.o(.text)
    __semihosting_library_function           0x0800035b   Thumb Code     0  indicate_semi.o(.text)
    LedInit                                  0x0800035d   Thumb Code    40  mytask.o(i.LedInit)
    SysTick_Handler                          0x08000389   Thumb Code     8  tcpu.o(i.SysTick_Handler)
    SysTick_init                             0x08000391   Thumb Code    74  tcpu.o(i.SysTick_init)
    SystemInit                               0x080003e9   Thumb Code   182  system_gd32f4xx.o(i.SystemInit)
    UART4_IRQHandler                         0x080004ad   Thumb Code    40  mytask.o(i.UART4_IRQHandler)
    UartInit                                 0x080004e1   Thumb Code   188  mytask.o(i.UartInit)
    gpio_af_set                              0x08000661   Thumb Code    94  gd32f4xx_gpio.o(i.gpio_af_set)
    gpio_bit_toggle                          0x080006bf   Thumb Code     4  gd32f4xx_gpio.o(i.gpio_bit_toggle)
    gpio_mode_set                            0x080006c3   Thumb Code    78  gd32f4xx_gpio.o(i.gpio_mode_set)
    gpio_output_options_set                  0x08000711   Thumb Code    66  gd32f4xx_gpio.o(i.gpio_output_options_set)
    idleTaskEntry                            0x08000755   Thumb Code    60  main.o(i.idleTaskEntry)
    main                                     0x080007b9   Thumb Code    68  main.o(i.main)
    myPrintf                                 0x08000815   Thumb Code    32  mytask.o(i.myPrintf)
    nvic_irq_enable                          0x08000835   Thumb Code   186  gd32f4xx_misc.o(i.nvic_irq_enable)
    nvic_priority_group_set                  0x080008f9   Thumb Code    10  gd32f4xx_misc.o(i.nvic_priority_group_set)
    rcu_clock_freq_get                       0x0800090d   Thumb Code   264  gd32f4xx_rcu.o(i.rcu_clock_freq_get)
    rcu_periph_clock_enable                  0x08000a31   Thumb Code    32  gd32f4xx_rcu.o(i.rcu_periph_clock_enable)
    rcu_periph_reset_disable                 0x08000a55   Thumb Code    32  gd32f4xx_rcu.o(i.rcu_periph_reset_disable)
    rcu_periph_reset_enable                  0x08000a79   Thumb Code    32  gd32f4xx_rcu.o(i.rcu_periph_reset_enable)
    tBitmapClear                             0x08000bad   Thumb Code    12  tbitmap.o(i.tBitmapClear)
    tBitmapGetFirstSet                       0x08000bb9   Thumb Code    86  tbitmap.o(i.tBitmapGetFirstSet)
    tBitmapInit                              0x08000c15   Thumb Code     6  tbitmap.o(i.tBitmapInit)
    tBitmapPosCount                          0x08000c1b   Thumb Code     4  tbitmap.o(i.tBitmapPosCount)
    tBitmapSet                               0x08000c1f   Thumb Code    12  tbitmap.o(i.tBitmapSet)
    tEventInit                               0x08000c2b   Thumb Code    18  tevent.o(i.tEventInit)
    tEventRemoveTask                         0x08000c3d   Thumb Code    54  tevent.o(i.tEventRemoveTask)
    tEventWait                               0x08000c73   Thumb Code    78  tevent.o(i.tEventWait)
    tEventWaitCount                          0x08000cc1   Thumb Code    30  tevent.o(i.tEventWaitCount)
    tEventWakeUp                             0x08000cdf   Thumb Code    78  tevent.o(i.tEventWakeUp)
    tHooksCpuIdle                            0x08000d2d   Thumb Code     2  thooks.o(i.tHooksCpuIdle)
    tHooksSysTick                            0x08000d2f   Thumb Code     2  thooks.o(i.tHooksSysTick)
    tHooksTaskInit                           0x08000d31   Thumb Code     2  thooks.o(i.tHooksTaskInit)
    tHooksTaskSwitch                         0x08000d33   Thumb Code     2  thooks.o(i.tHooksTaskSwitch)
    tInitApp                                 0x08000d35   Thumb Code   100  app.o(i.tInitApp)
    tList_addFirst                           0x08000dc9   Thumb Code    24  tlist.o(i.tList_addFirst)
    tList_addLast                            0x08000de1   Thumb Code    20  tlist.o(i.tList_addLast)
    tList_count                              0x08000df5   Thumb Code     6  tlist.o(i.tList_count)
    tList_first                              0x08000dfb   Thumb Code    12  tlist.o(i.tList_first)
    tList_init                               0x08000e07   Thumb Code    10  tlist.o(i.tList_init)
    tList_remove                             0x08000e11   Thumb Code    20  tlist.o(i.tList_remove)
    tList_removeFirst                        0x08000e25   Thumb Code    26  tlist.o(i.tList_removeFirst)
    tNode_init                               0x08000e3f   Thumb Code     6  tlist.o(i.tNode_init)
    tSemInit                                 0x08000e45   Thumb Code    38  tsem.o(i.tSemInit)
    tSemNotify                               0x08000e6d   Thumb Code    78  tsem.o(i.tSemNotify)
    tSemWait                                 0x08000ec1   Thumb Code    66  tsem.o(i.tSemWait)
    tTaskDelay                               0x08000f09   Thumb Code    40  ttime.o(i.tTaskDelay)
    tTaskEnterCritical                       0x08000f35   Thumb Code    12  switch.o(i.tTaskEnterCritical)
    tTaskExitCritical                        0x08000f41   Thumb Code    10  switch.o(i.tTaskExitCritical)
    tTaskHighestReady                        0x08000f4d   Thumb Code    34  main.o(i.tTaskHighestReady)
    tTaskInit                                0x08000f79   Thumb Code   222  ttask.o(i.tTaskInit)
    tTaskRunFirst                            0x08001059   Thumb Code    24  switch.o(i.tTaskRunFirst)
    tTaskSched                               0x08001075   Thumb Code    66  main.o(i.tTaskSched)
    tTaskSchedDisable                        0x080010c5   Thumb Code    34  main.o(i.tTaskSchedDisable)
    tTaskSchedEnable                         0x080010ed   Thumb Code    42  main.o(i.tTaskSchedEnable)
    tTaskSchedInit                           0x0800111d   Thumb Code    40  main.o(i.tTaskSchedInit)
    tTaskSchedRdy                            0x08001151   Thumb Code    34  main.o(i.tTaskSchedRdy)
    tTaskSchedUnRdy                          0x0800117d   Thumb Code    52  main.o(i.tTaskSchedUnRdy)
    tTaskSwitch                              0x080011b9   Thumb Code    10  switch.o(i.tTaskSwitch)
    tTaskSystemTickHandler                   0x080011c9   Thumb Code   186  main.o(i.tTaskSystemTickHandler)
    tTimeTaskWait                            0x08001295   Thumb Code    28  main.o(i.tTimeTaskWait)
    tTimeTaskWakeUp                          0x080012b5   Thumb Code    24  main.o(i.tTimeTaskWakeUp)
    tTimeTickInit                            0x080012d1   Thumb Code     8  main.o(i.tTimeTickInit)
    tTimerModuleInit                         0x08001325   Thumb Code    36  ttimer.o(i.tTimerModuleInit)
    tTimerModuleTickNotify                   0x08001359   Thumb Code    28  ttimer.o(i.tTimerModuleTickNotify)
    tTimerTaskInit                           0x080013a9   Thumb Code    26  ttimer.o(i.tTimerTaskInit)
    task1Entry                               0x080013d1   Thumb Code    50  app.o(i.task1Entry)
    task2Entry                               0x08001411   Thumb Code    22  app.o(i.task2Entry)
    task3Entry                               0x0800142d   Thumb Code    26  app.o(i.task3Entry)
    task4Entry                               0x0800144d   Thumb Code    26  app.o(i.task4Entry)
    usart_baudrate_set                       0x0800146d   Thumb Code   224  gd32f4xx_usart.o(i.usart_baudrate_set)
    usart_data_receive                       0x08001555   Thumb Code    10  gd32f4xx_usart.o(i.usart_data_receive)
    usart_data_transmit                      0x0800155f   Thumb Code     8  gd32f4xx_usart.o(i.usart_data_transmit)
    usart_deinit                             0x08001569   Thumb Code   210  gd32f4xx_usart.o(i.usart_deinit)
    usart_enable                             0x08001645   Thumb Code    10  gd32f4xx_usart.o(i.usart_enable)
    usart_flag_get                           0x0800164f   Thumb Code    30  gd32f4xx_usart.o(i.usart_flag_get)
    usart_hardware_flow_cts_config           0x0800166d   Thumb Code    20  gd32f4xx_usart.o(i.usart_hardware_flow_cts_config)
    usart_hardware_flow_rts_config           0x08001681   Thumb Code    20  gd32f4xx_usart.o(i.usart_hardware_flow_rts_config)
    usart_interrupt_enable                   0x08001695   Thumb Code    26  gd32f4xx_usart.o(i.usart_interrupt_enable)
    usart_interrupt_flag_clear               0x080016af   Thumb Code    26  gd32f4xx_usart.o(i.usart_interrupt_flag_clear)
    usart_interrupt_flag_get                 0x080016c9   Thumb Code    56  gd32f4xx_usart.o(i.usart_interrupt_flag_get)
    usart_parity_config                      0x08001701   Thumb Code    16  gd32f4xx_usart.o(i.usart_parity_config)
    usart_receive_config                     0x08001711   Thumb Code    16  gd32f4xx_usart.o(i.usart_receive_config)
    usart_stop_bit_set                       0x08001721   Thumb Code    16  gd32f4xx_usart.o(i.usart_stop_bit_set)
    usart_transmit_config                    0x08001731   Thumb Code    16  gd32f4xx_usart.o(i.usart_transmit_config)
    usart_word_length_set                    0x08001741   Thumb Code    16  gd32f4xx_usart.o(i.usart_word_length_set)
    __aeabi_d2f                              0x08001751   Thumb Code     0  d2f.o(x$fpl$d2f)
    _d2f                                     0x08001751   Thumb Code    98  d2f.o(x$fpl$d2f)
    __aeabi_dadd                             0x080017b5   Thumb Code     0  daddsub_clz.o(x$fpl$dadd)
    _dadd                                    0x080017b5   Thumb Code   332  daddsub_clz.o(x$fpl$dadd)
    __aeabi_ddiv                             0x08001905   Thumb Code     0  ddiv.o(x$fpl$ddiv)
    _ddiv                                    0x08001905   Thumb Code   552  ddiv.o(x$fpl$ddiv)
    __aeabi_ui2d                             0x08001bb5   Thumb Code     0  dflt_clz.o(x$fpl$dfltu)
    _dfltu                                   0x08001bb5   Thumb Code    38  dflt_clz.o(x$fpl$dfltu)
    __aeabi_dmul                             0x08001bdd   Thumb Code     0  dmul.o(x$fpl$dmul)
    _dmul                                    0x08001bdd   Thumb Code   332  dmul.o(x$fpl$dmul)
    __fpl_dnaninf                            0x08001d31   Thumb Code   156  dnaninf.o(x$fpl$dnaninf)
    __fpl_dretinf                            0x08001dcd   Thumb Code    12  dretinf.o(x$fpl$dretinf)
    __aeabi_drsub                            0x08001dd9   Thumb Code     0  daddsub_clz.o(x$fpl$drsb)
    _drsb                                    0x08001dd9   Thumb Code    22  daddsub_clz.o(x$fpl$drsb)
    __aeabi_dsub                             0x08001df1   Thumb Code     0  daddsub_clz.o(x$fpl$dsub)
    _dsub                                    0x08001df1   Thumb Code   464  daddsub_clz.o(x$fpl$dsub)
    __fpl_fretinf                            0x08001fc5   Thumb Code    10  fretinf.o(x$fpl$fretinf)
    __I$use$fp                               0x08001fce   Number         0  usenofp.o(x$fpl$usenofp)
    Region$$Table$$Base                      0x080020d0   Number         0  anon$$obj.o(Region$$Table)
    Region$$Table$$Limit                     0x080020f0   Number         0  anon$$obj.o(Region$$Table)
    task1Flag                                0x20000000   Data           4  app.o(.data)
    task2Flag                                0x20000004   Data           4  app.o(.data)
    task3Flag                                0x20000008   Data           4  app.o(.data)
    task4Flag                                0x2000000c   Data           4  app.o(.data)
    currentTask                              0x20000010   Data           4  main.o(.data)
    nextTask                                 0x20000014   Data           4  main.o(.data)
    idleTask                                 0x20000018   Data           4  main.o(.data)
    taskPrioBitmap                           0x2000001c   Data           4  main.o(.data)
    schedLockCount                           0x20000020   Data           1  main.o(.data)
    idleCount                                0x20000024   Data           4  main.o(.data)
    idleMaxCount                             0x20000028   Data           4  main.o(.data)
    tickCount                                0x2000002c   Data           4  main.o(.data)
    SystemCoreClock                          0x20000038   Data           4  system_gd32f4xx.o(.data)
    tTask1                                   0x2000003c   Data          80  app.o(.bss)
    tTask2                                   0x2000008c   Data          80  app.o(.bss)
    tTask3                                   0x200000dc   Data          80  app.o(.bss)
    tTask4                                   0x2000012c   Data          80  app.o(.bss)
    taskInfo1                                0x2000017c   Data          28  app.o(.bss)
    taskInfo2                                0x20000198   Data          28  app.o(.bss)
    taskInfo3                                0x200001b4   Data          28  app.o(.bss)
    taskInfo4                                0x200001d0   Data          28  app.o(.bss)
    task1Env                                 0x200001ec   Data        4096  app.o(.bss)
    task2Env                                 0x200011ec   Data        4096  app.o(.bss)
    task3Env                                 0x200021ec   Data        4096  app.o(.bss)
    task4Env                                 0x200031ec   Data        4096  app.o(.bss)
    taskTable                                0x200041ec   Data         384  main.o(.bss)
    tTaskDelayList                           0x2000436c   Data          12  main.o(.bss)
    tTaskIdle                                0x20004378   Data          80  main.o(.bss)
    idleTaskEnv                              0x200043c8   Data        4096  main.o(.bss)
    __libspace_start                         0x20006460   Data          96  libspace.o(.bss)
    __temporary_stack_top$libspace           0x200064c0   Data           0  libspace.o(.bss)



==============================================================================

Memory Map of the image

  Image Entry point : 0x08000189

  Load Region LR_IROM1 (Base: 0x08000000, Size: 0x0000212c, Max: 0x00080000, ABSOLUTE)

    Execution Region ER_IROM1 (Exec base: 0x08000000, Load base: 0x08000000, Size: 0x000020f0, Max: 0x00080000, ABSOLUTE)

    Exec Addr    Load Addr    Size         Type   Attr      Idx    E Section Name        Object

    0x08000000   0x08000000   0x00000188   Data   RO         1469    RESET               startup_gd32f407_427.o
    0x08000188   0x08000188   0x00000008   Code   RO         2072  * !!!main             c_w.l(__main.o)
    0x08000190   0x08000190   0x00000034   Code   RO         2258    !!!scatter          c_w.l(__scatter.o)
    0x080001c4   0x080001c4   0x0000001a   Code   RO         2260    !!handler_copy      c_w.l(__scatter_copy.o)
    0x080001de   0x080001de   0x00000002   PAD
    0x080001e0   0x080001e0   0x0000001c   Code   RO         2262    !!handler_zi        c_w.l(__scatter_zi.o)
    0x080001fc   0x080001fc   0x00000002   Code   RO         2126    .ARM.Collect$$libinit$$00000000  c_w.l(libinit.o)
    0x080001fe   0x080001fe   0x00000000   Code   RO         2133    .ARM.Collect$$libinit$$00000002  c_w.l(libinit2.o)
    0x080001fe   0x080001fe   0x00000000   Code   RO         2135    .ARM.Collect$$libinit$$00000004  c_w.l(libinit2.o)
    0x080001fe   0x080001fe   0x00000000   Code   RO         2138    .ARM.Collect$$libinit$$0000000A  c_w.l(libinit2.o)
    0x080001fe   0x080001fe   0x00000000   Code   RO         2140    .ARM.Collect$$libinit$$0000000C  c_w.l(libinit2.o)
    0x080001fe   0x080001fe   0x00000000   Code   RO         2142    .ARM.Collect$$libinit$$0000000E  c_w.l(libinit2.o)
    0x080001fe   0x080001fe   0x00000000   Code   RO         2145    .ARM.Collect$$libinit$$00000011  c_w.l(libinit2.o)
    0x080001fe   0x080001fe   0x00000000   Code   RO         2147    .ARM.Collect$$libinit$$00000013  c_w.l(libinit2.o)
    0x080001fe   0x080001fe   0x00000000   Code   RO         2149    .ARM.Collect$$libinit$$00000015  c_w.l(libinit2.o)
    0x080001fe   0x080001fe   0x00000000   Code   RO         2151    .ARM.Collect$$libinit$$00000017  c_w.l(libinit2.o)
    0x080001fe   0x080001fe   0x00000000   Code   RO         2153    .ARM.Collect$$libinit$$00000019  c_w.l(libinit2.o)
    0x080001fe   0x080001fe   0x00000000   Code   RO         2155    .ARM.Collect$$libinit$$0000001B  c_w.l(libinit2.o)
    0x080001fe   0x080001fe   0x00000000   Code   RO         2157    .ARM.Collect$$libinit$$0000001D  c_w.l(libinit2.o)
    0x080001fe   0x080001fe   0x00000000   Code   RO         2159    .ARM.Collect$$libinit$$0000001F  c_w.l(libinit2.o)
    0x080001fe   0x080001fe   0x00000000   Code   RO         2161    .ARM.Collect$$libinit$$00000021  c_w.l(libinit2.o)
    0x080001fe   0x080001fe   0x00000000   Code   RO         2163    .ARM.Collect$$libinit$$00000023  c_w.l(libinit2.o)
    0x080001fe   0x080001fe   0x00000000   Code   RO         2165    .ARM.Collect$$libinit$$00000025  c_w.l(libinit2.o)
    0x080001fe   0x080001fe   0x00000000   Code   RO         2169    .ARM.Collect$$libinit$$0000002C  c_w.l(libinit2.o)
    0x080001fe   0x080001fe   0x00000000   Code   RO         2171    .ARM.Collect$$libinit$$0000002E  c_w.l(libinit2.o)
    0x080001fe   0x080001fe   0x00000000   Code   RO         2173    .ARM.Collect$$libinit$$00000030  c_w.l(libinit2.o)
    0x080001fe   0x080001fe   0x00000000   Code   RO         2175    .ARM.Collect$$libinit$$00000032  c_w.l(libinit2.o)
    0x080001fe   0x080001fe   0x00000002   Code   RO         2176    .ARM.Collect$$libinit$$00000033  c_w.l(libinit2.o)
    0x08000200   0x08000200   0x00000002   Code   RO         2196    .ARM.Collect$$libshutdown$$00000000  c_w.l(libshutdown.o)
    0x08000202   0x08000202   0x00000000   Code   RO         2209    .ARM.Collect$$libshutdown$$00000002  c_w.l(libshutdown2.o)
    0x08000202   0x08000202   0x00000000   Code   RO         2211    .ARM.Collect$$libshutdown$$00000004  c_w.l(libshutdown2.o)
    0x08000202   0x08000202   0x00000000   Code   RO         2213    .ARM.Collect$$libshutdown$$00000006  c_w.l(libshutdown2.o)
    0x08000202   0x08000202   0x00000000   Code   RO         2216    .ARM.Collect$$libshutdown$$00000009  c_w.l(libshutdown2.o)
    0x08000202   0x08000202   0x00000000   Code   RO         2219    .ARM.Collect$$libshutdown$$0000000C  c_w.l(libshutdown2.o)
    0x08000202   0x08000202   0x00000000   Code   RO         2221    .ARM.Collect$$libshutdown$$0000000E  c_w.l(libshutdown2.o)
    0x08000202   0x08000202   0x00000000   Code   RO         2224    .ARM.Collect$$libshutdown$$00000011  c_w.l(libshutdown2.o)
    0x08000202   0x08000202   0x00000002   Code   RO         2225    .ARM.Collect$$libshutdown$$00000012  c_w.l(libshutdown2.o)
    0x08000204   0x08000204   0x00000000   Code   RO         2094    .ARM.Collect$$rtentry$$00000000  c_w.l(__rtentry.o)
    0x08000204   0x08000204   0x00000000   Code   RO         2103    .ARM.Collect$$rtentry$$00000002  c_w.l(__rtentry2.o)
    0x08000204   0x08000204   0x00000006   Code   RO         2115    .ARM.Collect$$rtentry$$00000004  c_w.l(__rtentry4.o)
    0x0800020a   0x0800020a   0x00000000   Code   RO         2105    .ARM.Collect$$rtentry$$00000009  c_w.l(__rtentry2.o)
    0x0800020a   0x0800020a   0x00000004   Code   RO         2106    .ARM.Collect$$rtentry$$0000000A  c_w.l(__rtentry2.o)
    0x0800020e   0x0800020e   0x00000000   Code   RO         2108    .ARM.Collect$$rtentry$$0000000C  c_w.l(__rtentry2.o)
    0x0800020e   0x0800020e   0x00000008   Code   RO         2109    .ARM.Collect$$rtentry$$0000000D  c_w.l(__rtentry2.o)
    0x08000216   0x08000216   0x00000002   Code   RO         2130    .ARM.Collect$$rtexit$$00000000  c_w.l(rtexit.o)
    0x08000218   0x08000218   0x00000000   Code   RO         2178    .ARM.Collect$$rtexit$$00000002  c_w.l(rtexit2.o)
    0x08000218   0x08000218   0x00000004   Code   RO         2179    .ARM.Collect$$rtexit$$00000003  c_w.l(rtexit2.o)
    0x0800021c   0x0800021c   0x00000006   Code   RO         2180    .ARM.Collect$$rtexit$$00000004  c_w.l(rtexit2.o)
    0x08000222   0x08000222   0x00000002   PAD
    0x08000224   0x08000224   0x00000030   Code   RO          279    .emb_text           switch.o
    0x08000254   0x08000254   0x00000040   Code   RO         1470    .text               startup_gd32f407_427.o
    0x08000294   0x08000294   0x0000004e   Code   RO         2068    .text               c_w.l(rt_memclr_w.o)
    0x080002e2   0x080002e2   0x00000006   Code   RO         2070    .text               c_w.l(heapauxi.o)
    0x080002e8   0x080002e8   0x0000004a   Code   RO         2117    .text               c_w.l(sys_stackheap_outer.o)
    0x08000332   0x08000332   0x00000012   Code   RO         2119    .text               c_w.l(exit.o)
    0x08000344   0x08000344   0x00000008   Code   RO         2127    .text               c_w.l(libspace.o)
    0x0800034c   0x0800034c   0x0000000c   Code   RO         2188    .text               c_w.l(sys_exit.o)
    0x08000358   0x08000358   0x00000002   Code   RO         2199    .text               c_w.l(use_no_semi.o)
    0x0800035a   0x0800035a   0x00000000   Code   RO         2201    .text               c_w.l(indicate_semi.o)
    0x0800035a   0x0800035a   0x00000002   PAD
    0x0800035c   0x0800035c   0x0000002c   Code   RO          914    i.LedInit           mytask.o
    0x08000388   0x08000388   0x00000008   Code   RO          365    i.SysTick_Handler   tcpu.o
    0x08000390   0x08000390   0x00000058   Code   RO          366    i.SysTick_init      tcpu.o
    0x080003e8   0x080003e8   0x000000c4   Code   RO         1478    i.SystemInit        system_gd32f4xx.o
    0x080004ac   0x080004ac   0x00000034   Code   RO          915    i.UART4_IRQHandler  mytask.o
    0x080004e0   0x080004e0   0x000000c8   Code   RO          916    i.UartInit          mytask.o
    0x080005a8   0x080005a8   0x000000a8   Code   RO          146    i.checkCpuUsage     main.o
    0x08000650   0x08000650   0x00000010   Code   RO          147    i.cpuUsageSyncWithSystick  main.o
    0x08000660   0x08000660   0x0000005e   Code   RO         1523    i.gpio_af_set       gd32f4xx_gpio.o
    0x080006be   0x080006be   0x00000004   Code   RO         1526    i.gpio_bit_toggle   gd32f4xx_gpio.o
    0x080006c2   0x080006c2   0x0000004e   Code   RO         1531    i.gpio_mode_set     gd32f4xx_gpio.o
    0x08000710   0x08000710   0x00000042   Code   RO         1533    i.gpio_output_options_set  gd32f4xx_gpio.o
    0x08000752   0x08000752   0x00000002   PAD
    0x08000754   0x08000754   0x00000040   Code   RO          148    i.idleTaskEntry     main.o
    0x08000794   0x08000794   0x00000024   Code   RO          149    i.initCpuUsageState  main.o
    0x080007b8   0x080007b8   0x0000005c   Code   RO          150    i.main              main.o
    0x08000814   0x08000814   0x00000020   Code   RO          918    i.myPrintf          mytask.o
    0x08000834   0x08000834   0x000000c4   Code   RO          966    i.nvic_irq_enable   gd32f4xx_misc.o
    0x080008f8   0x080008f8   0x00000014   Code   RO          967    i.nvic_priority_group_set  gd32f4xx_misc.o
    0x0800090c   0x0800090c   0x00000124   Code   RO         1179    i.rcu_clock_freq_get  gd32f4xx_rcu.o
    0x08000a30   0x08000a30   0x00000024   Code   RO         1198    i.rcu_periph_clock_enable  gd32f4xx_rcu.o
    0x08000a54   0x08000a54   0x00000024   Code   RO         1201    i.rcu_periph_reset_disable  gd32f4xx_rcu.o
    0x08000a78   0x08000a78   0x00000024   Code   RO         1202    i.rcu_periph_reset_enable  gd32f4xx_rcu.o
    0x08000a9c   0x08000a9c   0x00000108   Code   RO         1479    i.system_clock_240m_8m_hxtal  system_gd32f4xx.o
    0x08000ba4   0x08000ba4   0x00000008   Code   RO         1480    i.system_clock_config  system_gd32f4xx.o
    0x08000bac   0x08000bac   0x0000000c   Code   RO          325    i.tBitmapClear      tbitmap.o
    0x08000bb8   0x08000bb8   0x0000005c   Code   RO          326    i.tBitmapGetFirstSet  tbitmap.o
    0x08000c14   0x08000c14   0x00000006   Code   RO          327    i.tBitmapInit       tbitmap.o
    0x08000c1a   0x08000c1a   0x00000004   Code   RO          328    i.tBitmapPosCount   tbitmap.o
    0x08000c1e   0x08000c1e   0x0000000c   Code   RO          329    i.tBitmapSet        tbitmap.o
    0x08000c2a   0x08000c2a   0x00000012   Code   RO          396    i.tEventInit        tevent.o
    0x08000c3c   0x08000c3c   0x00000036   Code   RO          398    i.tEventRemoveTask  tevent.o
    0x08000c72   0x08000c72   0x0000004e   Code   RO          399    i.tEventWait        tevent.o
    0x08000cc0   0x08000cc0   0x0000001e   Code   RO          400    i.tEventWaitCount   tevent.o
    0x08000cde   0x08000cde   0x0000004e   Code   RO          401    i.tEventWakeUp      tevent.o
    0x08000d2c   0x08000d2c   0x00000002   Code   RO          491    i.tHooksCpuIdle     thooks.o
    0x08000d2e   0x08000d2e   0x00000002   Code   RO          492    i.tHooksSysTick     thooks.o
    0x08000d30   0x08000d30   0x00000002   Code   RO          493    i.tHooksTaskInit    thooks.o
    0x08000d32   0x08000d32   0x00000002   Code   RO          494    i.tHooksTaskSwitch  thooks.o
    0x08000d34   0x08000d34   0x00000094   Code   RO            4    i.tInitApp          app.o
    0x08000dc8   0x08000dc8   0x00000018   Code   RO          521    i.tList_addFirst    tlist.o
    0x08000de0   0x08000de0   0x00000014   Code   RO          522    i.tList_addLast     tlist.o
    0x08000df4   0x08000df4   0x00000006   Code   RO          523    i.tList_count       tlist.o
    0x08000dfa   0x08000dfa   0x0000000c   Code   RO          524    i.tList_first       tlist.o
    0x08000e06   0x08000e06   0x0000000a   Code   RO          525    i.tList_init        tlist.o
    0x08000e10   0x08000e10   0x00000014   Code   RO          530    i.tList_remove      tlist.o
    0x08000e24   0x08000e24   0x0000001a   Code   RO          532    i.tList_removeFirst  tlist.o
    0x08000e3e   0x08000e3e   0x00000006   Code   RO          533    i.tNode_init        tlist.o
    0x08000e44   0x08000e44   0x00000026   Code   RO          733    i.tSemInit          tsem.o
    0x08000e6a   0x08000e6a   0x00000002   PAD
    0x08000e6c   0x08000e6c   0x00000054   Code   RO          735    i.tSemNotify        tsem.o
    0x08000ec0   0x08000ec0   0x00000048   Code   RO          736    i.tSemWait          tsem.o
    0x08000f08   0x08000f08   0x0000002c   Code   RO          833    i.tTaskDelay        ttime.o
    0x08000f34   0x08000f34   0x0000000c   Code   RO          280    i.tTaskEnterCritical  switch.o
    0x08000f40   0x08000f40   0x0000000a   Code   RO          281    i.tTaskExitCritical  switch.o
    0x08000f4a   0x08000f4a   0x00000002   PAD
    0x08000f4c   0x08000f4c   0x0000002c   Code   RO          153    i.tTaskHighestReady  main.o
    0x08000f78   0x08000f78   0x000000de   Code   RO          776    i.tTaskInit         ttask.o
    0x08001056   0x08001056   0x00000002   PAD
    0x08001058   0x08001058   0x0000001c   Code   RO          282    i.tTaskRunFirst     switch.o
    0x08001074   0x08001074   0x00000050   Code   RO          154    i.tTaskSched        main.o
    0x080010c4   0x080010c4   0x00000028   Code   RO          155    i.tTaskSchedDisable  main.o
    0x080010ec   0x080010ec   0x00000030   Code   RO          156    i.tTaskSchedEnable  main.o
    0x0800111c   0x0800111c   0x00000034   Code   RO          157    i.tTaskSchedInit    main.o
    0x08001150   0x08001150   0x0000002c   Code   RO          158    i.tTaskSchedRdy     main.o
    0x0800117c   0x0800117c   0x0000003c   Code   RO          160    i.tTaskSchedUnRdy   main.o
    0x080011b8   0x080011b8   0x00000010   Code   RO          283    i.tTaskSwitch       switch.o
    0x080011c8   0x080011c8   0x000000cc   Code   RO          161    i.tTaskSystemTickHandler  main.o
    0x08001294   0x08001294   0x00000020   Code   RO          163    i.tTimeTaskWait     main.o
    0x080012b4   0x080012b4   0x0000001c   Code   RO          164    i.tTimeTaskWakeUp   main.o
    0x080012d0   0x080012d0   0x0000000c   Code   RO          165    i.tTimeTickInit     main.o
    0x080012dc   0x080012dc   0x00000048   Code   RO          845    i.tTimerCallFuncList  ttimer.o
    0x08001324   0x08001324   0x00000034   Code   RO          849    i.tTimerModuleInit  ttimer.o
    0x08001358   0x08001358   0x00000024   Code   RO          850    i.tTimerModuleTickNotify  ttimer.o
    0x0800137c   0x0800137c   0x0000002c   Code   RO          851    i.tTimerSoftTask    ttimer.o
    0x080013a8   0x080013a8   0x00000028   Code   RO          854    i.tTimerTaskInit    ttimer.o
    0x080013d0   0x080013d0   0x00000040   Code   RO            5    i.task1Entry        app.o
    0x08001410   0x08001410   0x0000001c   Code   RO            6    i.task2Entry        app.o
    0x0800142c   0x0800142c   0x00000020   Code   RO            7    i.task3Entry        app.o
    0x0800144c   0x0800144c   0x00000020   Code   RO            8    i.task4Entry        app.o
    0x0800146c   0x0800146c   0x000000e8   Code   RO         1632    i.usart_baudrate_set  gd32f4xx_usart.o
    0x08001554   0x08001554   0x0000000a   Code   RO         1636    i.usart_data_receive  gd32f4xx_usart.o
    0x0800155e   0x0800155e   0x00000008   Code   RO         1637    i.usart_data_transmit  gd32f4xx_usart.o
    0x08001566   0x08001566   0x00000002   PAD
    0x08001568   0x08001568   0x000000dc   Code   RO         1638    i.usart_deinit      gd32f4xx_usart.o
    0x08001644   0x08001644   0x0000000a   Code   RO         1642    i.usart_enable      gd32f4xx_usart.o
    0x0800164e   0x0800164e   0x0000001e   Code   RO         1644    i.usart_flag_get    gd32f4xx_usart.o
    0x0800166c   0x0800166c   0x00000014   Code   RO         1649    i.usart_hardware_flow_cts_config  gd32f4xx_usart.o
    0x08001680   0x08001680   0x00000014   Code   RO         1650    i.usart_hardware_flow_rts_config  gd32f4xx_usart.o
    0x08001694   0x08001694   0x0000001a   Code   RO         1652    i.usart_interrupt_enable  gd32f4xx_usart.o
    0x080016ae   0x080016ae   0x0000001a   Code   RO         1653    i.usart_interrupt_flag_clear  gd32f4xx_usart.o
    0x080016c8   0x080016c8   0x00000038   Code   RO         1654    i.usart_interrupt_flag_get  gd32f4xx_usart.o
    0x08001700   0x08001700   0x00000010   Code   RO         1667    i.usart_parity_config  gd32f4xx_usart.o
    0x08001710   0x08001710   0x00000010   Code   RO         1669    i.usart_receive_config  gd32f4xx_usart.o
    0x08001720   0x08001720   0x00000010   Code   RO         1680    i.usart_stop_bit_set  gd32f4xx_usart.o
    0x08001730   0x08001730   0x00000010   Code   RO         1684    i.usart_transmit_config  gd32f4xx_usart.o
    0x08001740   0x08001740   0x00000010   Code   RO         1685    i.usart_word_length_set  gd32f4xx_usart.o
    0x08001750   0x08001750   0x00000062   Code   RO         2074    x$fpl$d2f           fz_ws.l(d2f.o)
    0x080017b2   0x080017b2   0x00000002   PAD
    0x080017b4   0x080017b4   0x00000150   Code   RO         2076    x$fpl$dadd          fz_ws.l(daddsub_clz.o)
    0x08001904   0x08001904   0x000002b0   Code   RO         2083    x$fpl$ddiv          fz_ws.l(ddiv.o)
    0x08001bb4   0x08001bb4   0x00000026   Code   RO         2086    x$fpl$dfltu         fz_ws.l(dflt_clz.o)
    0x08001bda   0x08001bda   0x00000002   PAD
    0x08001bdc   0x08001bdc   0x00000154   Code   RO         2092    x$fpl$dmul          fz_ws.l(dmul.o)
    0x08001d30   0x08001d30   0x0000009c   Code   RO         2095    x$fpl$dnaninf       fz_ws.l(dnaninf.o)
    0x08001dcc   0x08001dcc   0x0000000c   Code   RO         2097    x$fpl$dretinf       fz_ws.l(dretinf.o)
    0x08001dd8   0x08001dd8   0x00000016   Code   RO         2077    x$fpl$drsb          fz_ws.l(daddsub_clz.o)
    0x08001dee   0x08001dee   0x00000002   PAD
    0x08001df0   0x08001df0   0x000001d4   Code   RO         2078    x$fpl$dsub          fz_ws.l(daddsub_clz.o)
    0x08001fc4   0x08001fc4   0x0000000a   Code   RO         2099    x$fpl$fretinf       fz_ws.l(fretinf.o)
    0x08001fce   0x08001fce   0x00000000   Code   RO         2101    x$fpl$usenofp       fz_ws.l(usenofp.o)
    0x08001fce   0x08001fce   0x00000100   Data   RO          330    .constdata          tbitmap.o
    0x080020ce   0x080020ce   0x00000002   PAD
    0x080020d0   0x080020d0   0x00000020   Data   RO         2256    Region$$Table       anon$$obj.o


    Execution Region RW_IRAM1 (Exec base: 0x20000000, Load base: 0x080020f0, Size: 0x00006cc0, Max: 0x00020000, ABSOLUTE)

    Exec Addr    Load Addr    Size         Type   Attr      Idx    E Section Name        Object

    0x20000000   0x080020f0   0x00000010   Data   RW           10    .data               app.o
    0x20000010   0x08002100   0x00000028   Data   RW          167    .data               main.o
    0x20000038   0x08002128   0x00000004   Data   RW         1481    .data               system_gd32f4xx.o
    0x2000003c        -       0x000041b0   Zero   RW            9    .bss                app.o
    0x200041ec        -       0x000011dc   Zero   RW          166    .bss                main.o
    0x200053c8        -       0x00001098   Zero   RW          855    .bss                ttimer.o
    0x20006460        -       0x00000060   Zero   RW         2128    .bss                c_w.l(libspace.o)
    0x200064c0        -       0x00000400   Zero   RW         1468    HEAP                startup_gd32f407_427.o
    0x200068c0        -       0x00000400   Zero   RW         1467    STACK               startup_gd32f407_427.o


==============================================================================

Image component sizes


      Code (inc. data)   RO Data    RW Data    ZI Data      Debug   Object Name

       304         80          0         16      16816      47413   app.o
       242          0          0          0          0       2630   gd32f4xx_gpio.o
       216         20          0          0          0       1260   gd32f4xx_misc.o
       400         40          0          0          0       3088   gd32f4xx_rcu.o
       738         18          0          0          0       8972   gd32f4xx_usart.o
      1020        170          0         40       4572       8159   main.o
       328         28          0          0          0       1843   mytask.o
        64         26        392          0       2048        840   startup_gd32f407_427.o
       114         18          0          0          0       7643   switch.o
       468         28          0          4          0       2395   system_gd32f4xx.o
       126          6        256          0          0       2513   tbitmap.o
        96         14          0          0          0      31068   tcpu.o
       258          0          0          0          0       3222   tevent.o
         8          0          0          0          0       1792   thooks.o
       124          0          0          0          0       3762   tlist.o
       194         12          0          0          0       1967   tsem.o
       222          0          0          0          0       1044   ttask.o
        44          4          0          0          0        473   ttime.o
       244         50          0          0       4248       2729   ttimer.o

    ----------------------------------------------------------------------
      5220        514        682         60      27684     132813   Object Totals
         0          0         32          0          0          0   (incl. Generated)
        10          0          2          0          0          0   (incl. Padding)

    ----------------------------------------------------------------------

      Code (inc. data)   RO Data    RW Data    ZI Data      Debug   Library Member Name

         8          0          0          0          0         68   __main.o
         0          0          0          0          0          0   __rtentry.o
        12          0          0          0          0          0   __rtentry2.o
         6          0          0          0          0          0   __rtentry4.o
        52          8          0          0          0          0   __scatter.o
        26          0          0          0          0          0   __scatter_copy.o
        28          0          0          0          0          0   __scatter_zi.o
        18          0          0          0          0         80   exit.o
         6          0          0          0          0        152   heapauxi.o
         0          0          0          0          0          0   indicate_semi.o
         2          0          0          0          0          0   libinit.o
         2          0          0          0          0          0   libinit2.o
         2          0          0          0          0          0   libshutdown.o
         2          0          0          0          0          0   libshutdown2.o
         8          4          0          0         96         68   libspace.o
        78          0          0          0          0         80   rt_memclr_w.o
         2          0          0          0          0          0   rtexit.o
        10          0          0          0          0          0   rtexit2.o
        12          4          0          0          0         68   sys_exit.o
        74          0          0          0          0         80   sys_stackheap_outer.o
         2          0          0          0          0         68   use_no_semi.o
        98          4          0          0          0         92   d2f.o
       826         16          0          0          0        348   daddsub_clz.o
       688        140          0          0          0        208   ddiv.o
        38          0          0          0          0         68   dflt_clz.o
       340         12          0          0          0        104   dmul.o
       156          4          0          0          0         92   dnaninf.o
        12          0          0          0          0         68   dretinf.o
        10          0          0          0          0         68   fretinf.o
         0          0          0          0          0          0   usenofp.o

    ----------------------------------------------------------------------
      2530        192          0          0         96       1712   Library Totals
        12          0          0          0          0          0   (incl. Padding)

    ----------------------------------------------------------------------

      Code (inc. data)   RO Data    RW Data    ZI Data      Debug   Library Name

       350         16          0          0         96        664   c_w.l
      2168        176          0          0          0       1048   fz_ws.l

    ----------------------------------------------------------------------
      2530        192          0          0         96       1712   Library Totals

    ----------------------------------------------------------------------

==============================================================================


      Code (inc. data)   RO Data    RW Data    ZI Data      Debug   

      7750        706        682         60      27780     129217   Grand Totals
      7750        706        682         60      27780     129217   ELF Image Totals
      7750        706        682         60          0          0   ROM Totals

==============================================================================

    Total RO  Size (Code + RO Data)                 8432 (   8.23kB)
    Total RW  Size (RW Data + ZI Data)             27840 (  27.19kB)
    Total ROM Size (Code + RO Data + RW Data)       8492 (   8.29kB)

==============================================================================

